Archive member included to satisfy reference by file (symbol)

/Users/marius/.pico-sdk/toolchain/14_2_Rel1/bin/../lib/gcc/arm-none-eabi/14.2.1/thumb/v6-m/nofp/libgcc.a(_dvmd_tls.o)
                              CMakeFiles/rfid_node.dir/Users/marius/.pico-sdk/sdk/2.2.0/src/rp2_common/pico_divider/divider_hardware.S.o (__aeabi_idiv0)
/Users/marius/.pico-sdk/toolchain/14_2_Rel1/bin/../lib/gcc/arm-none-eabi/14.2.1/../../../../arm-none-eabi/lib/thumb/v6-m/nofp/libg.a(libc_a-isalpha.o)
                              CMakeFiles/rfid_node.dir/src/services/api/LegacyApiResponseParser.cpp.o (isalpha)
/Users/marius/.pico-sdk/toolchain/14_2_Rel1/bin/../lib/gcc/arm-none-eabi/14.2.1/../../../../arm-none-eabi/lib/thumb/v6-m/nofp/libg.a(libc_a-atoi.o)
                              CMakeFiles/rfid_node.dir/Users/marius/.pico-sdk/sdk/2.2.0/lib/lwip/src/core/netif.c.o (atoi)
/Users/marius/.pico-sdk/toolchain/14_2_Rel1/bin/../lib/gcc/arm-none-eabi/14.2.1/../../../../arm-none-eabi/lib/thumb/v6-m/nofp/libg.a(libc_a-calloc.o)
                              CMakeFiles/rfid_node.dir/Users/marius/.pico-sdk/sdk/2.2.0/src/rp2_common/pico_malloc/malloc.c.o (calloc)
/Users/marius/.pico-sdk/toolchain/14_2_Rel1/bin/../lib/gcc/arm-none-eabi/14.2.1/../../../../arm-none-eabi/lib/thumb/v6-m/nofp/libg.a(libc_a-callocr.o)
                              /Users/marius/.pico-sdk/toolchain/14_2_Rel1/bin/../lib/gcc/arm-none-eabi/14.2.1/../../../../arm-none-eabi/lib/thumb/v6-m/nofp/libg.a(libc_a-calloc.o) (_calloc_r)
/Users/marius/.pico-sdk/toolchain/14_2_Rel1/bin/../lib/gcc/arm-none-eabi/14.2.1/../../../../arm-none-eabi/lib/thumb/v6-m/nofp/libg.a(libc_a-malloc.o)
                              CMakeFiles/rfid_node.dir/Users/marius/.pico-sdk/sdk/2.2.0/src/rp2_common/pico_malloc/malloc.c.o (malloc)
/Users/marius/.pico-sdk/toolchain/14_2_Rel1/bin/../lib/gcc/arm-none-eabi/14.2.1/../../../../arm-none-eabi/lib/thumb/v6-m/nofp/libg.a(libc_a-mallocr.o)
                              /Users/marius/.pico-sdk/toolchain/14_2_Rel1/bin/../lib/gcc/arm-none-eabi/14.2.1/../../../../arm-none-eabi/lib/thumb/v6-m/nofp/libg.a(libc_a-callocr.o) (_malloc_r)
/Users/marius/.pico-sdk/toolchain/14_2_Rel1/bin/../lib/gcc/arm-none-eabi/14.2.1/../../../../arm-none-eabi/lib/thumb/v6-m/nofp/libg.a(libc_a-mlock.o)
                              /Users/marius/.pico-sdk/toolchain/14_2_Rel1/bin/../lib/gcc/arm-none-eabi/14.2.1/../../../../arm-none-eabi/lib/thumb/v6-m/nofp/libg.a(libc_a-mallocr.o) (__malloc_lock)
/Users/marius/.pico-sdk/toolchain/14_2_Rel1/bin/../lib/gcc/arm-none-eabi/14.2.1/../../../../arm-none-eabi/lib/thumb/v6-m/nofp/libg.a(libc_a-realloc.o)
                              CMakeFiles/rfid_node.dir/Users/marius/.pico-sdk/sdk/2.2.0/src/rp2_common/pico_malloc/malloc.c.o (realloc)
/Users/marius/.pico-sdk/toolchain/14_2_Rel1/bin/../lib/gcc/arm-none-eabi/14.2.1/../../../../arm-none-eabi/lib/thumb/v6-m/nofp/libg.a(libc_a-reallocr.o)
                              /Users/marius/.pico-sdk/toolchain/14_2_Rel1/bin/../lib/gcc/arm-none-eabi/14.2.1/../../../../arm-none-eabi/lib/thumb/v6-m/nofp/libg.a(libc_a-realloc.o) (_realloc_r)
/Users/marius/.pico-sdk/toolchain/14_2_Rel1/bin/../lib/gcc/arm-none-eabi/14.2.1/../../../../arm-none-eabi/lib/thumb/v6-m/nofp/libg.a(libc_a-strtol.o)
                              /Users/marius/.pico-sdk/toolchain/14_2_Rel1/bin/../lib/gcc/arm-none-eabi/14.2.1/../../../../arm-none-eabi/lib/thumb/v6-m/nofp/libg.a(libc_a-atoi.o) (_strtol_r)
/Users/marius/.pico-sdk/toolchain/14_2_Rel1/bin/../lib/gcc/arm-none-eabi/14.2.1/../../../../arm-none-eabi/lib/thumb/v6-m/nofp/libg.a(libc_a-memcmp.o)
                              CMakeFiles/rfid_node.dir/Users/marius/.pico-sdk/sdk/2.2.0/src/rp2_common/pico_atomic/atomic.c.o (memcmp)
/Users/marius/.pico-sdk/toolchain/14_2_Rel1/bin/../lib/gcc/arm-none-eabi/14.2.1/../../../../arm-none-eabi/lib/thumb/v6-m/nofp/libg.a(libc_a-memmove.o)
                              CMakeFiles/rfid_node.dir/Users/marius/.pico-sdk/sdk/2.2.0/lib/lwip/src/core/def.c.o (memmove)
/Users/marius/.pico-sdk/toolchain/14_2_Rel1/bin/../lib/gcc/arm-none-eabi/14.2.1/../../../../arm-none-eabi/lib/thumb/v6-m/nofp/libg.a(libc_a-strchr.o)
                              CMakeFiles/rfid_node.dir/src/services/api/LegacyApiResponseParser.cpp.o (strchr)
/Users/marius/.pico-sdk/toolchain/14_2_Rel1/bin/../lib/gcc/arm-none-eabi/14.2.1/../../../../arm-none-eabi/lib/thumb/v6-m/nofp/libg.a(libc_a-strncmp.o)
                              CMakeFiles/rfid_node.dir/src/services/api/LegacyApiResponseParser.cpp.o (strncmp)
/Users/marius/.pico-sdk/toolchain/14_2_Rel1/bin/../lib/gcc/arm-none-eabi/14.2.1/../../../../arm-none-eabi/lib/thumb/v6-m/nofp/libg.a(libc_a-strstr.o)
                              CMakeFiles/rfid_node.dir/src/services/api/LegacyApiResponseParser.cpp.o (strstr)
/Users/marius/.pico-sdk/toolchain/14_2_Rel1/bin/../lib/gcc/arm-none-eabi/14.2.1/../../../../arm-none-eabi/lib/thumb/v6-m/nofp/libg.a(libc_a-lcltime_r.o)
[...]
Memory Configuration

Name             Origin             Length             Attributes
FLASH            0x10000000         0x00200000         xr
RAM              0x20000000         0x00040000         xrw
SCRATCH_X        0x20040000         0x00001000         xrw
SCRATCH_Y        0x20041000         0x00001000         xrw
*default*        0x00000000         0xffffffff

Linker script and memory map

LOAD /Users/marius/.pico-sdk/toolchain/14_2_Rel1/bin/../lib/gcc/arm-none-eabi/14.2.1/thumb/v6-m/nofp/crti.o
LOAD /Users/marius/.pico-sdk/toolchain/14_2_Rel1/bin/../lib/gcc/arm-none-eabi/14.2.1/thumb/v6-m/nofp/crtbegin.o
LOAD /Users/marius/.pico-sdk/toolchain/14_2_Rel1/bin/../lib/gcc/arm-none-eabi/14.2.1/../../../../arm-none-eabi/lib/thumb/v6-m/nofp/crt0.o

.flash_begin    0x10000000        0x0
                0x10000000                        __flash_binary_start = .

.boot2          0x10000000      0x100
                0x10000000                        __boot2_start__ = .
 *(.boot2)
 .boot2         0x10000000      0x100 pico-sdk/src/rp2040/boot_stage2/CMakeFiles/bs2_default_library.dir/./bs2_default_padded_checksummed.S.o
                0x10000100                        __boot2_end__ = .
                0x00000001                        ASSERT (((__boot2_end__ - __boot2_start__) == 0x100), ERROR: Pico second stage bootloader must be 256 bytes in size)

.text           0x10000100    0x19084
                0x10000100                        __logical_binary_start = .
 *(.vectors)
 .vectors       0x10000100       0xd4 CMakeFiles/rfid_node.dir/Users/marius/.pico-sdk/sdk/2.2.0/src/rp2_common/pico_crt0/crt0.S.o
                0x10000100                __VECTOR_TABLE
                0x10000100                __vectors
                0x100001c0                isr_irq13
                0x100001c0                isr_irq27
                0x100001c0                isr_irq31
                0x100001c0                isr_irq5
                0x100001c0                isr_irq11
                0x100001c0                isr_irq23
                0x100001c0                isr_irq18
                0x100001c0                isr_irq9
                0x100001c0                __unhandled_user_irq
                0x100001c0                isr_irq25
                0x100001c0                isr_irq4
                0x100001c0                isr_irq16
                0x100001c0                isr_irq29
                0x100001c0                isr_irq26
                0x100001c0                isr_irq3
                0x100001c0                isr_irq12
                0x100001c0                isr_irq30
                0x100001c0                isr_irq28
                0x100001c0                isr_irq19
                0x100001c0                isr_irq0
                0x100001c0                isr_irq6
                0x100001c0                isr_irq22
                0x100001c0                isr_irq17
                0x100001c0                isr_irq14
                0x100001c0                __vectors_end
                0x100001c0                __default_isrs_start
                0x100001c0                isr_irq2
                0x100001c0                isr_irq10
                0x100001c0                isr_irq8
                0x100001c0                isr_irq24
                0x100001c0                isr_irq1
                0x100001c0                isr_irq7
                0x100001c0                isr_irq21
                0x100001c0                isr_irq20
                0x100001c0                isr_irq15
                0x100001c6                unhandled_user_irq_num_in_r0
                0x100001c8                isr_invalid
                0x100001ca                isr_nmi
                0x100001cc                isr_hardfault
                0x100001ce                isr_svcall
                0x100001d0                isr_pendsv
                0x100001d2                isr_systick
                0x100001d4                __default_isrs_end
 *(.binary_info_header)
 .binary_info_header
                0x100001d4       0x14 CMakeFiles/rfid_node.dir/Users/marius/.pico-sdk/sdk/2.2.0/src/rp2_common/pico_crt0/crt0.S.o
                0x100001e8                        __binary_info_header_end = .
 *(.embedded_block)
                0x100001e8                        __embedded_block_end = .
 *(.reset)
 .reset         0x100001e8       0x9c CMakeFiles/rfid_node.dir/Users/marius/.pico-sdk/sdk/2.2.0/src/rp2_common/pico_crt0/crt0.S.o
                0x100001e8                _entry_point
 *(.init)
 .init          0x10000284        0x4 /Users/marius/.pico-sdk/toolchain/14_2_Rel1/bin/../lib/gcc/arm-none-eabi/14.2.1/thumb/v6-m/nofp/crti.o
                0x10000284                _init
 *(EXCLUDE_FILE(*libm.a: *libc.a:*lib_a-mem*.o *libgcc.a:) .text*)
 .text.register_tm_clones
                0x10000288       0x28 /Users/marius/.pico-sdk/toolchain/14_2_Rel1/bin/../lib/gcc/arm-none-eabi/14.2.1/thumb/v6-m/nofp/crtbegin.o
 .text.frame_dummy
                0x100002b0       0x24 /Users/marius/.pico-sdk/toolchain/14_2_Rel1/bin/../lib/gcc/arm-none-eabi/14.2.1/thumb/v6-m/nofp/crtbegin.o
 .text.startup.main
                0x100002d4       0x9c CMakeFiles/rfid_node.dir/src/main/main.cpp.o
                0x100002d4                main
 .text._ZN8RFIDNodeC2EP8spi_instjj
                0x10000370       0x3c CMakeFiles/rfid_node.dir/src/core/RFIDNode.cpp.o
                0x10000370                RFIDNode::RFIDNode(spi_inst*, unsigned int, unsigned int)
                0x10000370                RFIDNode::RFIDNode(spi_inst*, unsigned int, unsigned int)
 .text._ZN8RFIDNode5beginEv
                0x100003ac       0x9c CMakeFiles/rfid_node.dir/src/core/RFIDNode.cpp.o
                0x100003ac                RFIDNode::begin()
 .text._ZN8RFIDNode6updateEv
                0x10000448      0x108 CMakeFiles/rfid_node.dir/src/core/RFIDNode.cpp.o
                0x10000448                RFIDNode::update()
 .text._ZNK8RFIDNode8getStateEv
                0x10000550        0x4 CMakeFiles/rfid_node.dir/src/core/RFIDNode.cpp.o
                0x10000550                RFIDNode::getState() const
 .text._ZN8RFIDNode15setOutputActiveEb
                0x10000554        0xc CMakeFiles/rfid_node.dir/src/core/RFIDNode.cpp.o
                0x10000554                RFIDNode::setOutputActive(bool)
 .text._ZN8RFIDNode13isCardPresentEv
                0x10000560        0xc CMakeFiles/rfid_node.dir/src/core/RFIDNode.cpp.o
                0x10000560                RFIDNode::isCardPresent()
 .text._ZN8RFIDNode10getCardUIDEPcj
                0x1000056c        0xc CMakeFiles/rfid_node.dir/src/core/RFIDNode.cpp.o
                0x1000056c                RFIDNode::getCardUID(char*, unsigned int)
 .text._Z24evaluateReconnectAttemptbhh
                0x10000578       0x48 CMakeFiles/rfid_node.dir/src/core/NodeReconnectPolicy.cpp.o
                0x10000578                evaluateReconnectAttempt(bool, unsigned char, unsigned char)
 .text.PN532_ReadFrame
                0x100005c0      0x1d8 CMakeFiles/rfid_node.dir/src/rfid/pn532.c.o
                0x100005c0                PN532_ReadFrame
 .text.PN532_CallFunction.constprop.0
                0x10000798      0x118 CMakeFiles/rfid_node.dir/src/rfid/pn532.c.o
 .text.PN532_CallFunction.constprop.1
                0x100008b0      0x104 CMakeFiles/rfid_node.dir/src/rfid/pn532.c.o
 .text.PN532_CallFunction.constprop.3
                0x100009b4      0x12c CMakeFiles/rfid_node.dir/src/rfid/pn532.c.o
 .text.PN532_GetFirmwareVersion
                0x10000ae0       0x34 CMakeFiles/rfid_node.dir/src/rfid/pn532.c.o
                0x10000ae0                PN532_GetFirmwareVersion
 .text.PN532_SamConfiguration
                0x10000b14       0x2c CMakeFiles/rfid_node.dir/src/rfid/pn532.c.o
                0x10000b14                PN532_SamConfiguration
 .text.PN532_ReadPassiveTarget
                0x10000b40       0x78 CMakeFiles/rfid_node.dir/src/rfid/pn532.c.o
                0x10000b40                PN532_ReadPassiveTarget
 .text._ZN12_GLOBAL__N_114PN532_Log_ImplEPKc
                0x10000bb8        0x4 CMakeFiles/rfid_node.dir/src/rfid/pn532_pico.cpp.o
 .text._ZN12_GLOBAL__N_116PN532_Reset_ImplEv
                0x10000bbc       0x3c CMakeFiles/rfid_node.dir/src/rfid/pn532_pico.cpp.o
 .text._ZN12_GLOBAL__N_121PN532_SPI_Wakeup_ImplEv
                0x10000bf8       0x58 CMakeFiles/rfid_node.dir/src/rfid/pn532_pico.cpp.o
 .text._ZN12_GLOBAL__N_124PN532_SPI_WaitReady_ImplEm
                0x10000c50       0xac CMakeFiles/rfid_node.dir/src/rfid/pn532_pico.cpp.o
 .text._ZN12_GLOBAL__N_124PN532_SPI_WriteData_ImplEPht
                0x10000cfc       0x68 CMakeFiles/rfid_node.dir/src/rfid/pn532_pico.cpp.o
 .text._ZN12_GLOBAL__N_123PN532_SPI_ReadData_ImplEPht
                0x10000d64       0x7c CMakeFiles/rfid_node.dir/src/rfid/pn532_pico.cpp.o
 .text.PN532_Pico_Init
                0x10000de0       0xd0 CMakeFiles/rfid_node.dir/src/rfid/pn532_pico.cpp.o
                0x10000de0                PN532_Pico_Init
 .text._ZN11Pn532ReaderC2EP8spi_instjj
                0x10000eb0       0x34 CMakeFiles/rfid_node.dir/src/rfid/Pn532Reader.cpp.o
                0x10000eb0                Pn532Reader::Pn532Reader(spi_inst*, unsigned int, unsigned int)
                0x10000eb0                Pn532Reader::Pn532Reader(spi_inst*, unsigned int, unsigned int)
 .text._ZN11Pn532Reader5beginEv
                0x10000ee4       0x3c CMakeFiles/rfid_node.dir/src/rfid/Pn532Reader.cpp.o
                0x10000ee4                Pn532Reader::begin()
 .text._ZN11Pn532Reader6updateEv
                0x10000f20       0x60 CMakeFiles/rfid_node.dir/src/rfid/Pn532Reader.cpp.o
                0x10000f20                Pn532Reader::update()
 .text._ZNK11Pn532Reader13isCardPresentEv
                0x10000f80        0x8 CMakeFiles/rfid_node.dir/src/rfid/Pn532Reader.cpp.o
                0x10000f80                Pn532Reader::isCardPresent() const
 .text._ZNK11Pn532Reader10getCardUidEPcj
                0x10000f88       0x74 CMakeFiles/rfid_node.dir/src/rfid/Pn532Reader.cpp.o
                0x10000f88                Pn532Reader::getCardUid(char*, unsigned int) const
 .text._ZL12cb_connectedPvP7tcp_pcba
                0x10000ffc       0x14 CMakeFiles/rfid_node.dir/src/services/api/LegacyApiClient.cpp.o
 .text._ZL6cb_errPva
                0x10001010        0xc CMakeFiles/rfid_node.dir/src/services/api/LegacyApiClient.cpp.o
 .text._ZL7cb_recvPvP7tcp_pcbP4pbufa
                0x1000101c       0x78 CMakeFiles/rfid_node.dir/src/services/api/LegacyApiClient.cpp.o
 .text._ZN15LegacyApiClient8tryLoginEPKc
                0x10001094      0x248 CMakeFiles/rfid_node.dir/src/services/api/LegacyApiClient.cpp.o
                0x10001094                LegacyApiClient::tryLogin(char const*)
 .text._Z24parseLegacyLoginResponsePKc
                0x100012dc      0x10c CMakeFiles/rfid_node.dir/src/services/api/LegacyApiResponseParser.cpp.o
                0x100012dc                parseLegacyLoginResponse(char const*)
 .text._ZN13OtaHttpClientC2Ev
                0x100013e8        0x4 CMakeFiles/rfid_node.dir/src/services/ota/OtaHttpClient.cpp.o
                0x100013e8                OtaHttpClient::OtaHttpClient()
                0x100013e8                OtaHttpClient::OtaHttpClient()
 .text._ZN13OtaHttpClient14checkForUpdateEPKc
                0x100013ec        0x8 CMakeFiles/rfid_node.dir/src/services/ota/OtaHttpClient.cpp.o
                0x100013ec                OtaHttpClient::checkForUpdate(char const*)
 .text._ZN16OtaUpdateManagerC2Ev
                0x100013f4       0x14 CMakeFiles/rfid_node.dir/src/services/ota/OtaUpdateManager.cpp.o
                0x100013f4                OtaUpdateManager::OtaUpdateManager()
                0x100013f4                OtaUpdateManager::OtaUpdateManager()
 .text._ZN16OtaUpdateManager6updateEb
                0x10001408       0x3c CMakeFiles/rfid_node.dir/src/services/ota/OtaUpdateManager.cpp.o
                0x10001408                OtaUpdateManager::update(bool)
 .text._ZN16OtaUpdateManager15setOutputActiveEb
                0x10001444        0x4 CMakeFiles/rfid_node.dir/src/services/ota/OtaUpdateManager.cpp.o
                0x10001444                OtaUpdateManager::setOutputActive(bool)
 .text.gpio_set_function
                0x10001448       0x34 CMakeFiles/rfid_node.dir/Users/marius/.pico-sdk/sdk/2.2.0/src/rp2_common/hardware_gpio/gpio.c.o
                0x10001448                gpio_set_function
 .text.gpio_set_pulls
                0x1000147c       0x28 CMakeFiles/rfid_node.dir/Users/marius/.pico-sdk/sdk/2.2.0/src/rp2_common/hardware_gpio/gpio.c.o
                0x1000147c                gpio_set_pulls
 .text.gpio_set_input_hysteresis_enabled
                0x100014a4       0x28 CMakeFiles/rfid_node.dir/Users/marius/.pico-sdk/sdk/2.2.0/src/rp2_common/hardware_gpio/gpio.c.o
                0x100014a4                gpio_set_input_hysteresis_enabled
 .text.gpio_set_irq_enabled
                0x100014cc       0x58 CMakeFiles/rfid_node.dir/Users/marius/.pico-sdk/sdk/2.2.0/src/rp2_common/hardware_gpio/gpio.c.o
                0x100014cc                gpio_set_irq_enabled
 .text.gpio_add_raw_irq_handler_with_order_priority_masked
                0x10001524       0x44 CMakeFiles/rfid_node.dir/Users/marius/.pico-sdk/sdk/2.2.0/src/rp2_common/hardware_gpio/gpio.c.o
                0x10001524                gpio_add_raw_irq_handler_with_order_priority_masked
 .text.gpio_remove_raw_irq_handler_masked
                0x10001568       0x20 CMakeFiles/rfid_node.dir/Users/marius/.pico-sdk/sdk/2.2.0/src/rp2_common/hardware_gpio/gpio.c.o
                0x10001568                gpio_remove_raw_irq_handler_masked
 .text.gpio_init
                0x10001588       0x40 CMakeFiles/rfid_node.dir/Users/marius/.pico-sdk/sdk/2.2.0/src/rp2_common/hardware_gpio/gpio.c.o
                0x10001588                gpio_init
 .text.rp2040_chip_version
                0x100015c8        0xc CMakeFiles/rfid_node.dir/Users/marius/.pico-sdk/sdk/2.2.0/src/rp2040/pico_platform/platform.c.o
                0x100015c8                rp2040_chip_version
 .text.panic    0x100015d4       0x30 CMakeFiles/rfid_node.dir/Users/marius/.pico-sdk/sdk/2.2.0/src/rp2_common/pico_platform_panic/panic.c.o
                0x100015d4                panic
 .text.hw_claim_lock
                0x10001604       0x18 CMakeFiles/rfid_node.dir/Users/marius/.pico-sdk/sdk/2.2.0/src/common/hardware_claim/claim.c.o
                0x10001604                hw_claim_lock
 .text.hw_claim_unlock
                0x1000161c       0x14 CMakeFiles/rfid_node.dir/Users/marius/.pico-sdk/sdk/2.2.0/src/common/hardware_claim/claim.c.o
                0x1000161c                hw_claim_unlock
 .text.hw_claim_or_assert
                0x10001630       0x44 CMakeFiles/rfid_node.dir/Users/marius/.pico-sdk/sdk/2.2.0/src/common/hardware_claim/claim.c.o
                0x10001630                hw_claim_or_assert
 .text.hw_claim_unused_from_range
                0x10001674       0x88 CMakeFiles/rfid_node.dir/Users/marius/.pico-sdk/sdk/2.2.0/src/common/hardware_claim/claim.c.o
                0x10001674                hw_claim_unused_from_range
 .text.hw_claim_clear
                0x100016fc       0x38 CMakeFiles/rfid_node.dir/Users/marius/.pico-sdk/sdk/2.2.0/src/common/hardware_claim/claim.c.o
                0x100016fc                hw_claim_clear
 .text.next_striped_spin_lock_num
                0x10001734       0x18 CMakeFiles/rfid_node.dir/Users/marius/.pico-sdk/sdk/2.2.0/src/rp2_common/hardware_sync/sync.c.o
                0x10001734                next_striped_spin_lock_num
 .text.spin_lock_claim_unused
                0x1000174c       0x24 CMakeFiles/rfid_node.dir/Users/marius/.pico-sdk/sdk/2.2.0/src/rp2_common/hardware_sync/sync.c.o
                0x1000174c                spin_lock_claim_unused
 .text.spin_locks_reset
                0x10001770       0x1c CMakeFiles/rfid_node.dir/Users/marius/.pico-sdk/sdk/2.2.0/src/rp2_common/hardware_sync_spin_lock/sync_spin_lock.c.o
                0x10001770                spin_locks_reset
 .text.runtime_init_per_core_irq_priorities
                0x1000178c       0x24 CMakeFiles/rfid_node.dir/Users/marius/.pico-sdk/sdk/2.2.0/src/rp2_common/hardware_irq/irq.c.o
                0x1000178c                runtime_init_per_core_irq_priorities
 .text.irq_set_enabled
                0x100017b0       0x24 CMakeFiles/rfid_node.dir/Users/marius/.pico-sdk/sdk/2.2.0/src/rp2_common/hardware_irq/irq.c.o
                0x100017b0                irq_set_enabled
 .text.irq_is_enabled
                0x100017d4       0x18 CMakeFiles/rfid_node.dir/Users/marius/.pico-sdk/sdk/2.2.0/src/rp2_common/hardware_irq/irq.c.o
                0x100017d4                irq_is_enabled
 .text.irq_set_pending
                0x100017ec       0x10 CMakeFiles/rfid_node.dir/Users/marius/.pico-sdk/sdk/2.2.0/src/rp2_common/hardware_irq/irq.c.o
                0x100017ec                irq_set_pending
 .text.irq_has_shared_handler
                0x100017fc       0x24 CMakeFiles/rfid_node.dir/Users/marius/.pico-sdk/sdk/2.2.0/src/rp2_common/hardware_irq/irq.c.o
                0x100017fc                irq_has_shared_handler
 .text.irq_set_exclusive_handler
                0x10001820       0x54 CMakeFiles/rfid_node.dir/Users/marius/.pico-sdk/sdk/2.2.0/src/rp2_common/hardware_irq/irq.c.o
                0x10001820                irq_set_exclusive_handler
 .text.irq_add_shared_handler
                0x10001874      0x1f4 CMakeFiles/rfid_node.dir/Users/marius/.pico-sdk/sdk/2.2.0/src/rp2_common/hardware_irq/irq.c.o
                0x10001874                irq_add_shared_handler
 .text.irq_remove_handler
                0x10001a68      0x1d4 CMakeFiles/rfid_node.dir/Users/marius/.pico-sdk/sdk/2.2.0/src/rp2_common/hardware_irq/irq.c.o
                0x10001a68                irq_remove_handler
 .text.irq_set_priority
                0x10001c3c       0x28 CMakeFiles/rfid_node.dir/Users/marius/.pico-sdk/sdk/2.2.0/src/rp2_common/hardware_irq/irq.c.o
                0x10001c3c                irq_set_priority
 .text.irq_add_tail_to_free_list
                0x10001c64       0xb4 CMakeFiles/rfid_node.dir/Users/marius/.pico-sdk/sdk/2.2.0/src/rp2_common/hardware_irq/irq.c.o
                0x10001c64                irq_add_tail_to_free_list
 .text.user_irq_unclaim
                0x10001d18       0x14 CMakeFiles/rfid_node.dir/Users/marius/.pico-sdk/sdk/2.2.0/src/rp2_common/hardware_irq/irq.c.o
                0x10001d18                user_irq_unclaim
 .text.user_irq_claim_unused
                0x10001d2c       0x2c CMakeFiles/rfid_node.dir/Users/marius/.pico-sdk/sdk/2.2.0/src/rp2_common/hardware_irq/irq.c.o
                0x10001d2c                user_irq_claim_unused
 .text.sem_init
                0x10001d58       0x20 CMakeFiles/rfid_node.dir/Users/marius/.pico-sdk/sdk/2.2.0/src/common/pico_sync/sem.c.o
                0x10001d58                sem_init
 .text.lock_init
                0x10001d78       0x10 CMakeFiles/rfid_node.dir/Users/marius/.pico-sdk/sdk/2.2.0/src/common/pico_sync/lock_core.c.o
                0x10001d78                lock_init
 .text.runtime_init_mutex
                0x10001d88       0x50 CMakeFiles/rfid_node.dir/Users/marius/.pico-sdk/sdk/2.2.0/src/common/pico_sync/mutex.c.o
                0x10001d88                runtime_init_mutex
 .text.mutex_init
                0x10001dd8       0x1c CMakeFiles/rfid_node.dir/Users/marius/.pico-sdk/sdk/2.2.0/src/common/pico_sync/mutex.c.o
                0x10001dd8                mutex_init
 .text.recursive_mutex_init
                0x10001df4       0x1c CMakeFiles/rfid_node.dir/Users/marius/.pico-sdk/sdk/2.2.0/src/common/pico_sync/mutex.c.o
                0x10001df4                recursive_mutex_init
 .text.critical_section_init
                0x10001e10       0x1c CMakeFiles/rfid_node.dir/Users/marius/.pico-sdk/sdk/2.2.0/src/common/pico_sync/critical_section.c.o
                0x10001e10                critical_section_init
 .text.critical_section_init_with_lock_num
                0x10001e2c       0x14 CMakeFiles/rfid_node.dir/Users/marius/.pico-sdk/sdk/2.2.0/src/common/pico_sync/critical_section.c.o
                0x10001e2c                critical_section_init_with_lock_num
 .text.sleep_until_callback
                0x10001e40       0x30 CMakeFiles/rfid_node.dir/Users/marius/.pico-sdk/sdk/2.2.0/src/common/pico_time/time.c.o
 .text.alarm_pool_irq_handler
                0x10001e70      0x300 CMakeFiles/rfid_node.dir/Users/marius/.pico-sdk/sdk/2.2.0/src/common/pico_time/time.c.o
 .text.runtime_init_default_alarm_pool
                0x10002170       0xdc CMakeFiles/rfid_node.dir/Users/marius/.pico-sdk/sdk/2.2.0/src/common/pico_time/time.c.o
                0x10002170                runtime_init_default_alarm_pool
 .text.alarm_pool_get_default
                0x1000224c        0x8 CMakeFiles/rfid_node.dir/Users/marius/.pico-sdk/sdk/2.2.0/src/common/pico_time/time.c.o
                0x1000224c                alarm_pool_get_default
 .text.alarm_pool_add_alarm_at
                0x10002254       0xd0 CMakeFiles/rfid_node.dir/Users/marius/.pico-sdk/sdk/2.2.0/src/common/pico_time/time.c.o
                0x10002254                alarm_pool_add_alarm_at
 .text.alarm_pool_add_alarm_at_force_in_context
                0x10002324       0xb0 CMakeFiles/rfid_node.dir/Users/marius/.pico-sdk/sdk/2.2.0/src/common/pico_time/time.c.o
                0x10002324                alarm_pool_add_alarm_at_force_in_context
 .text.alarm_pool_cancel_alarm
                0x100023d4       0x74 CMakeFiles/rfid_node.dir/Users/marius/.pico-sdk/sdk/2.2.0/src/common/pico_time/time.c.o
                0x100023d4                alarm_pool_cancel_alarm
 .text.alarm_pool_core_num
                0x10002448        0x4 CMakeFiles/rfid_node.dir/Users/marius/.pico-sdk/sdk/2.2.0/src/common/pico_time/time.c.o
                0x10002448                alarm_pool_core_num
 .text.sleep_until
                0x1000244c       0xd0 CMakeFiles/rfid_node.dir/Users/marius/.pico-sdk/sdk/2.2.0/src/common/pico_time/time.c.o
                0x1000244c                sleep_until
 .text.sleep_ms
                0x1000251c       0xfc CMakeFiles/rfid_node.dir/Users/marius/.pico-sdk/sdk/2.2.0/src/common/pico_time/time.c.o
                0x1000251c                sleep_ms
 .text.best_effort_wfe_or_timeout
                0x10002618      0x10c CMakeFiles/rfid_node.dir/Users/marius/.pico-sdk/sdk/2.2.0/src/common/pico_time/time.c.o
                0x10002618                best_effort_wfe_or_timeout
 .text.timer_hardware_alarm_claim
                0x10002724       0x14 CMakeFiles/rfid_node.dir/Users/marius/.pico-sdk/sdk/2.2.0/src/rp2_common/hardware_timer/timer.c.o
                0x10002724                timer_hardware_alarm_claim
 .text.timer_time_us_64
                0x10002738       0x10 CMakeFiles/rfid_node.dir/Users/marius/.pico-sdk/sdk/2.2.0/src/rp2_common/hardware_timer/timer.c.o
                0x10002738                timer_time_us_64
 .text.time_us_64
                0x10002748       0x14 CMakeFiles/rfid_node.dir/Users/marius/.pico-sdk/sdk/2.2.0/src/rp2_common/hardware_timer/timer.c.o
                0x10002748                time_us_64
 .text.busy_wait_until
                0x1000275c       0x20 CMakeFiles/rfid_node.dir/Users/marius/.pico-sdk/sdk/2.2.0/src/rp2_common/hardware_timer/timer.c.o
                0x1000275c                busy_wait_until
 .text.clock_configure_int_divider
                0x1000277c       0xf4 CMakeFiles/rfid_node.dir/Users/marius/.pico-sdk/sdk/2.2.0/src/rp2_common/hardware_clocks/clocks.c.o
                0x1000277c                clock_configure_int_divider
 .text.clock_configure_undivided
                0x10002870       0xe8 CMakeFiles/rfid_node.dir/Users/marius/.pico-sdk/sdk/2.2.0/src/rp2_common/hardware_clocks/clocks.c.o
                0x10002870                clock_configure_undivided
 .text.clock_get_hz
                0x10002958        0xc CMakeFiles/rfid_node.dir/Users/marius/.pico-sdk/sdk/2.2.0/src/rp2_common/hardware_clocks/clocks.c.o
                0x10002958                clock_get_hz
 .text.pll_init
                0x10002964       0xa4 CMakeFiles/rfid_node.dir/Users/marius/.pico-sdk/sdk/2.2.0/src/rp2_common/hardware_pll/pll.c.o
                0x10002964                pll_init
 .text.watchdog_update
                0x10002a08       0x14 CMakeFiles/rfid_node.dir/Users/marius/.pico-sdk/sdk/2.2.0/src/rp2_common/hardware_watchdog/watchdog.c.o
                0x10002a08                watchdog_update
 .text.watchdog_enable
                0x10002a1c       0x88 CMakeFiles/rfid_node.dir/Users/marius/.pico-sdk/sdk/2.2.0/src/rp2_common/hardware_watchdog/watchdog.c.o
                0x10002a1c                watchdog_enable
 .text.watchdog_reboot
                0x10002aa4       0x9c CMakeFiles/rfid_node.dir/Users/marius/.pico-sdk/sdk/2.2.0/src/rp2_common/hardware_watchdog/watchdog.c.o
                0x10002aa4                watchdog_reboot
 .text.watchdog_caused_reboot
                0x10002b40       0x10 CMakeFiles/rfid_node.dir/Users/marius/.pico-sdk/sdk/2.2.0/src/rp2_common/hardware_watchdog/watchdog.c.o
                0x10002b40                watchdog_caused_reboot
 .text.tick_start
                0x10002b50       0x10 CMakeFiles/rfid_node.dir/Users/marius/.pico-sdk/sdk/2.2.0/src/rp2_common/hardware_ticks/ticks.c.o
                0x10002b50                tick_start
 .text.rom_func_lookup
                0x10002b60       0x10 CMakeFiles/rfid_node.dir/Users/marius/.pico-sdk/sdk/2.2.0/src/rp2_common/pico_bootrom/bootrom.c.o
                0x10002b60                rom_func_lookup
 .text.rom_data_lookup
                0x10002b70       0x10 CMakeFiles/rfid_node.dir/Users/marius/.pico-sdk/sdk/2.2.0/src/rp2_common/pico_bootrom/bootrom.c.o
                0x10002b70                rom_data_lookup
 .text.rom_funcs_lookup
                0x10002b80       0x44 CMakeFiles/rfid_node.dir/Users/marius/.pico-sdk/sdk/2.2.0/src/rp2_common/pico_bootrom/bootrom.c.o
                0x10002b80                rom_funcs_lookup
 .text.rom_reset_usb_boot_extra
                0x10002bc4       0x24 CMakeFiles/rfid_node.dir/Users/marius/.pico-sdk/sdk/2.2.0/src/rp2_common/pico_bootrom/bootrom.c.o
                0x10002bc4                rom_reset_usb_boot_extra
 .text.xosc_init
                0x10002be8       0x28 CMakeFiles/rfid_node.dir/Users/marius/.pico-sdk/sdk/2.2.0/src/rp2_common/hardware_xosc/xosc.c.o
                0x10002be8                xosc_init
 .text.first_per_core_initializer
                0x10002c10        0x4 CMakeFiles/rfid_node.dir/Users/marius/.pico-sdk/sdk/2.2.0/src/rp2_common/pico_runtime/runtime.c.o
 .text.hard_assertion_failure
                0x10002c14        0xc CMakeFiles/rfid_node.dir/Users/marius/.pico-sdk/sdk/2.2.0/src/rp2_common/pico_runtime/runtime.c.o
                0x10002c14                hard_assertion_failure
 .text.runtime_run_initializers
                0x10002c20       0x28 CMakeFiles/rfid_node.dir/Users/marius/.pico-sdk/sdk/2.2.0/src/rp2_common/pico_runtime/runtime.c.o
                0x10002c20                runtime_run_initializers
 .text.runtime_init_early_resets
                0x10002c48       0x2c CMakeFiles/rfid_node.dir/Users/marius/.pico-sdk/sdk/2.2.0/src/rp2_common/pico_runtime_init/runtime_init.c.o
                0x10002c48                runtime_init_early_resets
 .text.runtime_init_usb_power_down
                0x10002c74       0x1c CMakeFiles/rfid_node.dir/Users/marius/.pico-sdk/sdk/2.2.0/src/rp2_common/pico_runtime_init/runtime_init.c.o
                0x10002c74                runtime_init_usb_power_down
 .text.runtime_init_post_clock_resets
                0x10002c90       0x20 CMakeFiles/rfid_node.dir/Users/marius/.pico-sdk/sdk/2.2.0/src/rp2_common/pico_runtime_init/runtime_init.c.o
                0x10002c90                runtime_init_post_clock_resets
 .text.runtime_init_rp2040_gpio_ie_disable
                0x10002cb0       0x14 CMakeFiles/rfid_node.dir/Users/marius/.pico-sdk/sdk/2.2.0/src/rp2_common/pico_runtime_init/runtime_init.c.o
                0x10002cb0                runtime_init_rp2040_gpio_ie_disable
 .text.runtime_init_spin_locks_reset
                0x10002cc4        0x8 CMakeFiles/rfid_node.dir/Users/marius/.pico-sdk/sdk/2.2.0/src/rp2_common/pico_runtime_init/runtime_init.c.o
                0x10002cc4                runtime_init_spin_locks_reset
 .text.runtime_init_install_ram_vector_table
                0x10002ccc       0xb4 CMakeFiles/rfid_node.dir/Users/marius/.pico-sdk/sdk/2.2.0/src/rp2_common/pico_runtime_init/runtime_init.c.o
                0x10002ccc                runtime_init_install_ram_vector_table
 .text.runtime_init_clocks
                0x10002d80       0xd8 CMakeFiles/rfid_node.dir/Users/marius/.pico-sdk/sdk/2.2.0/src/rp2_common/pico_runtime_init/runtime_init_clocks.c.o
                0x10002d80                runtime_init_clocks
 .text          0x10002e58       0x10 CMakeFiles/rfid_node.dir/Users/marius/.pico-sdk/sdk/2.2.0/src/rp2_common/pico_bit_ops/bit_ops_aeabi.S.o
 .text.ctzsi    0x10002e68        0xc CMakeFiles/rfid_node.dir/Users/marius/.pico-sdk/sdk/2.2.0/src/rp2_common/pico_bit_ops/bit_ops_aeabi.S.o
                0x10002e68                __wrap___ctzsi2
 .text.__wrap___aeabi_idiv
                0x10002e74       0x50 CMakeFiles/rfid_node.dir/Users/marius/.pico-sdk/sdk/2.2.0/src/rp2_common/pico_divider/divider_hardware.S.o
                0x10002e74                __wrap___aeabi_idivmod
                0x10002e74                divmod_s32s32
                0x10002e74                div_s32s32
                0x10002e74                __wrap___aeabi_idiv
                0x10002e7c                divmod_s32s32_unsafe
                0x10002ea8                divmod_s32s32_savestate
 .text.__wrap___aeabi_uidiv
                0x10002ec4       0x4c CMakeFiles/rfid_node.dir/Users/marius/.pico-sdk/sdk/2.2.0/src/rp2_common/pico_divider/divider_hardware.S.o
                0x10002ec4                __wrap___aeabi_uidiv
                0x10002ec4                __wrap___aeabi_uidivmod
                0x10002ec4                div_u32u32
                0x10002ec4                divmod_u32u32
                0x10002ecc                divmod_u32u32_unsafe
                0x10002ef4                divmod_u32u32_savestate
 .text.__wrap___aeabi_ldiv
                0x10002f10      0x424 CMakeFiles/rfid_node.dir/Users/marius/.pico-sdk/sdk/2.2.0/src/rp2_common/pico_divider/divider_hardware.S.o
                0x10002f10                __wrap___aeabi_ldivmod
                0x10002f10                div_s64s64
                0x10002f10                divmod_s64s64
                0x10002f40                divmod_u64u64
                0x10002f40                div_u64u64
                0x10002f40                __wrap___aeabi_uldivmod
                0x10002f50                divmod_u64u64_savestate
                0x10002f70                divmod_s64s64_unsafe
                0x10002ff8                divmod_u64u64_unsafe
 .text.__wrap___aeabi_darithmetic
                0x10003334       0x60 CMakeFiles/rfid_node.dir/Users/marius/.pico-sdk/sdk/2.2.0/src/rp2_common/pico_double/double_aeabi_rp2040.S.o
                0x10003334                __wrap___aeabi_drsub
                0x1000333a                __wrap___aeabi_dsub
                0x10003344                __wrap___aeabi_dadd
                0x1000334e                __wrap___aeabi_ddiv
                0x10003382                __wrap___aeabi_dmul
 .text.__wrap___aeabi_cdcmple
                0x10003394       0x6c CMakeFiles/rfid_node.dir/Users/marius/.pico-sdk/sdk/2.2.0/src/rp2_common/pico_double/double_aeabi_rp2040.S.o
                0x10003394                __wrap___aeabi_cdrcmple
                0x100033a4                __wrap___aeabi_cdcmple
                0x100033a4                __wrap___aeabi_cdcmpeq
 .text.__wrap___aeabi_dcmplt
                0x10003400        0xc CMakeFiles/rfid_node.dir/Users/marius/.pico-sdk/sdk/2.2.0/src/rp2_common/pico_double/double_aeabi_rp2040.S.o
                0x10003400                __wrap___aeabi_dcmplt
 .text.__wrap___aeabi_dcmple
                0x1000340c       0x10 CMakeFiles/rfid_node.dir/Users/marius/.pico-sdk/sdk/2.2.0/src/rp2_common/pico_double/double_aeabi_rp2040.S.o
                0x1000340c                __wrap___aeabi_dcmple
 .text.__wrap___aeabi_dcmpge
                0x1000341c       0x10 CMakeFiles/rfid_node.dir/Users/marius/.pico-sdk/sdk/2.2.0/src/rp2_common/pico_double/double_aeabi_rp2040.S.o
                0x1000341c                __wrap___aeabi_dcmpge
 .text.__wrap___aeabi_dcmpgt
                0x1000342c        0xa CMakeFiles/rfid_node.dir/Users/marius/.pico-sdk/sdk/2.2.0/src/rp2_common/pico_double/double_aeabi_rp2040.S.o
                0x1000342c                __wrap___aeabi_dcmpgt
 .text.__wrap___aeabi_dcmpun
                0x10003436       0x18 CMakeFiles/rfid_node.dir/Users/marius/.pico-sdk/sdk/2.2.0/src/rp2_common/pico_double/double_aeabi_rp2040.S.o
                0x10003436                __wrap___aeabi_dcmpun
 *fill*         0x1000344e        0x2 
 .text.__wrap___aeabi_i2d
                0x10003450       0x38 CMakeFiles/rfid_node.dir/Users/marius/.pico-sdk/sdk/2.2.0/src/rp2_common/pico_double/double_aeabi_rp2040.S.o
                0x10003450                __wrap___aeabi_ui2d
                0x10003450                uint2double
                0x10003458                __wrap___aeabi_i2d
                0x10003458                int2double
 .text.__wrap___aeabi_d2iz
                0x10003488       0x48 CMakeFiles/rfid_node.dir/Users/marius/.pico-sdk/sdk/2.2.0/src/rp2_common/pico_double/double_aeabi_rp2040.S.o
                0x10003488                __wrap___aeabi_d2iz
                0x10003488                double2int_z
 .text.__wrap___aeabi_d2uiz
                0x100034d0       0x10 CMakeFiles/rfid_node.dir/Users/marius/.pico-sdk/sdk/2.2.0/src/rp2_common/pico_double/double_aeabi_rp2040.S.o
                0x100034d0                double2uint_z
                0x100034d0                double2uint
                0x100034d0                __wrap___aeabi_d2uiz
 .text.missing_double_func_shim
                0x100034e0        0xc CMakeFiles/rfid_node.dir/Users/marius/.pico-sdk/sdk/2.2.0/src/rp2_common/pico_double/double_init_rom_rp2040.c.o
 .text.__aeabi_double_init
                0x100034ec       0xa0 CMakeFiles/rfid_node.dir/Users/marius/.pico-sdk/sdk/2.2.0/src/rp2_common/pico_double/double_init_rom_rp2040.c.o
                0x100034ec                __aeabi_double_init
 .text.double_table_shim_on_use_helper
                0x1000358c       0x2c CMakeFiles/rfid_node.dir/Users/marius/.pico-sdk/sdk/2.2.0/src/rp2_common/pico_double/double_v1_rom_shim_rp2040.S.o
                0x1000358c                double_table_shim_on_use_helper
 .text.__aeabi_lmul
                0x100035b8       0x32 CMakeFiles/rfid_node.dir/Users/marius/.pico-sdk/sdk/2.2.0/src/rp2_common/pico_int64_ops/pico_int64_ops_aeabi.S.o
                0x100035b8                __wrap___aeabi_lmul
 *fill*         0x100035ea        0x2 
 .text.missing_float_func_shim
                0x100035ec        0xc CMakeFiles/rfid_node.dir/Users/marius/.pico-sdk/sdk/2.2.0/src/rp2_common/pico_float/float_init_rom_rp2040.c.o
 .text.__aeabi_float_init
                0x100035f8       0x5c CMakeFiles/rfid_node.dir/Users/marius/.pico-sdk/sdk/2.2.0/src/rp2_common/pico_float/float_init_rom_rp2040.c.o
                0x100035f8                __aeabi_float_init
 .text          0x10003654       0x10 CMakeFiles/rfid_node.dir/Users/marius/.pico-sdk/sdk/2.2.0/src/rp2_common/pico_mem_ops/mem_ops_aeabi.S.o
                0x10003654                __aeabi_mem_init
 .text.memset   0x10003664        0xc CMakeFiles/rfid_node.dir/Users/marius/.pico-sdk/sdk/2.2.0/src/rp2_common/pico_mem_ops/mem_ops_aeabi.S.o
                0x10003664                __wrap_memset
 .text.memcpy   0x10003670        0xc CMakeFiles/rfid_node.dir/Users/marius/.pico-sdk/sdk/2.2.0/src/rp2_common/pico_mem_ops/mem_ops_aeabi.S.o
                0x10003670                __wrap___aeabi_memcpy
                0x10003670                __wrap_memcpy
 .text._out_buffer
                0x1000367c        0x8 CMakeFiles/rfid_node.dir/Users/marius/.pico-sdk/sdk/2.2.0/src/rp2_common/pico_printf/printf.c.o
 .text._out_null
                0x10003684        0x4 CMakeFiles/rfid_node.dir/Users/marius/.pico-sdk/sdk/2.2.0/src/rp2_common/pico_printf/printf.c.o
 .text._out_rev
                0x10003688       0xac CMakeFiles/rfid_node.dir/Users/marius/.pico-sdk/sdk/2.2.0/src/rp2_common/pico_printf/printf.c.o
 .text._ntoa_format
                0x10003734      0x1cc CMakeFiles/rfid_node.dir/Users/marius/.pico-sdk/sdk/2.2.0/src/rp2_common/pico_printf/printf.c.o
 .text._out_char
                0x10003900       0x10 CMakeFiles/rfid_node.dir/Users/marius/.pico-sdk/sdk/2.2.0/src/rp2_common/pico_printf/printf.c.o
 .text._out_fct
                0x10003910       0x10 CMakeFiles/rfid_node.dir/Users/marius/.pico-sdk/sdk/2.2.0/src/rp2_common/pico_printf/printf.c.o
 .text._ftoa    0x10003920      0x4a8 CMakeFiles/rfid_node.dir/Users/marius/.pico-sdk/sdk/2.2.0/src/rp2_common/pico_printf/printf.c.o
 .text._etoa    0x10003dc8      0x57c CMakeFiles/rfid_node.dir/Users/marius/.pico-sdk/sdk/2.2.0/src/rp2_common/pico_printf/printf.c.o
 .text._vsnprintf
                0x10004344      0xbe0 CMakeFiles/rfid_node.dir/Users/marius/.pico-sdk/sdk/2.2.0/src/rp2_common/pico_printf/printf.c.o
 .text.__wrap_snprintf
                0x10004f24       0x28 CMakeFiles/rfid_node.dir/Users/marius/.pico-sdk/sdk/2.2.0/src/rp2_common/pico_printf/printf.c.o
                0x10004f24                __wrap_snprintf
 .text.vfctprintf
                0x10004f4c       0x24 CMakeFiles/rfid_node.dir/Users/marius/.pico-sdk/sdk/2.2.0/src/rp2_common/pico_printf/printf.c.o
                0x10004f4c                vfctprintf
 .text.weak_raw_vprintf
                0x10004f70       0x30 CMakeFiles/rfid_node.dir/Users/marius/.pico-sdk/sdk/2.2.0/src/rp2_common/pico_printf/printf.c.o
                0x10004f70                weak_raw_vprintf
 .text._exit    0x10004fa0        0x4 CMakeFiles/rfid_node.dir/Users/marius/.pico-sdk/sdk/2.2.0/src/rp2_common/pico_clib_interface/newlib_interface.c.o
                0x10004fa0                _exit
 .text.exit     0x10004fa4        0x8 CMakeFiles/rfid_node.dir/Users/marius/.pico-sdk/sdk/2.2.0/src/rp2_common/pico_clib_interface/newlib_interface.c.o
                0x10004fa4                exit
 .text.runtime_init
                0x10004fac       0x2c CMakeFiles/rfid_node.dir/Users/marius/.pico-sdk/sdk/2.2.0/src/rp2_common/pico_clib_interface/newlib_interface.c.o
                0x10004fac                runtime_init
 .text.stdio_out_chars_no_crlf
                0x10004fd8       0x10 CMakeFiles/rfid_node.dir/Users/marius/.pico-sdk/sdk/2.2.0/src/rp2_common/pico_stdio/stdio.c.o
 .text.stdio_out_chars_crlf
                0x10004fe8       0xb0 CMakeFiles/rfid_node.dir/Users/marius/.pico-sdk/sdk/2.2.0/src/rp2_common/pico_stdio/stdio.c.o
 .text.stdio_buffered_printer
                0x10005098       0x64 CMakeFiles/rfid_node.dir/Users/marius/.pico-sdk/sdk/2.2.0/src/rp2_common/pico_stdio/stdio.c.o
 .text.stdio_put_string
                0x100050fc       0xfc CMakeFiles/rfid_node.dir/Users/marius/.pico-sdk/sdk/2.2.0/src/rp2_common/pico_stdio/stdio.c.o
                0x100050fc                stdio_put_string
 .text.stdio_set_driver_enabled
                0x100051f8       0x30 CMakeFiles/rfid_node.dir/Users/marius/.pico-sdk/sdk/2.2.0/src/rp2_common/pico_stdio/stdio.c.o
                0x100051f8                stdio_set_driver_enabled
 .text.stdio_init_all
                0x10005228        0x8 CMakeFiles/rfid_node.dir/Users/marius/.pico-sdk/sdk/2.2.0/src/rp2_common/pico_stdio/stdio.c.o
                0x10005228                stdio_init_all
 .text.__wrap_putchar
                0x10005230       0x94 CMakeFiles/rfid_node.dir/Users/marius/.pico-sdk/sdk/2.2.0/src/rp2_common/pico_stdio/stdio.c.o
                0x10005230                stdio_putchar
                0x10005230                __wrap_putchar
 .text.__wrap_puts
                0x100052c4       0x3c CMakeFiles/rfid_node.dir/Users/marius/.pico-sdk/sdk/2.2.0/src/rp2_common/pico_stdio/stdio.c.o
                0x100052c4                __wrap_puts
                0x100052c4                stdio_puts
 .text.__wrap_vprintf
                0x10005300       0xcc CMakeFiles/rfid_node.dir/Users/marius/.pico-sdk/sdk/2.2.0/src/rp2_common/pico_stdio/stdio.c.o
                0x10005300                __wrap_vprintf
                0x10005300                stdio_vprintf
 .text.__wrap_printf
                0x100053cc       0x18 CMakeFiles/rfid_node.dir/Users/marius/.pico-sdk/sdk/2.2.0/src/rp2_common/pico_stdio/stdio.c.o
                0x100053cc                stdio_printf
                0x100053cc                __wrap_printf
 .text.resetd_init
                0x100053e4        0x4 CMakeFiles/rfid_node.dir/Users/marius/.pico-sdk/sdk/2.2.0/src/rp2_common/pico_stdio_usb/reset_interface.c.o
 .text.resetd_reset
                0x100053e8        0xc CMakeFiles/rfid_node.dir/Users/marius/.pico-sdk/sdk/2.2.0/src/rp2_common/pico_stdio_usb/reset_interface.c.o
 .text.resetd_open
                0x100053f4       0x28 CMakeFiles/rfid_node.dir/Users/marius/.pico-sdk/sdk/2.2.0/src/rp2_common/pico_stdio_usb/reset_interface.c.o
 .text.resetd_xfer_cb
                0x1000541c        0x4 CMakeFiles/rfid_node.dir/Users/marius/.pico-sdk/sdk/2.2.0/src/rp2_common/pico_stdio_usb/reset_interface.c.o
 .text.resetd_control_xfer_cb
                0x10005420       0x54 CMakeFiles/rfid_node.dir/Users/marius/.pico-sdk/sdk/2.2.0/src/rp2_common/pico_stdio_usb/reset_interface.c.o
 .text.tud_descriptor_bos_cb
                0x10005474        0x8 CMakeFiles/rfid_node.dir/Users/marius/.pico-sdk/sdk/2.2.0/src/rp2_common/pico_stdio_usb/reset_interface.c.o
                0x10005474                tud_descriptor_bos_cb
 .text.tud_vendor_control_xfer_cb
                0x1000547c       0x34 CMakeFiles/rfid_node.dir/Users/marius/.pico-sdk/sdk/2.2.0/src/rp2_common/pico_stdio_usb/reset_interface.c.o
                0x1000547c                tud_vendor_control_xfer_cb
 .text.usbd_app_driver_get_cb
                0x100054b0        0xc CMakeFiles/rfid_node.dir/Users/marius/.pico-sdk/sdk/2.2.0/src/rp2_common/pico_stdio_usb/reset_interface.c.o
                0x100054b0                usbd_app_driver_get_cb
 .text.tud_cdc_line_coding_cb
                0x100054bc       0x2c CMakeFiles/rfid_node.dir/Users/marius/.pico-sdk/sdk/2.2.0/src/rp2_common/pico_stdio_usb/reset_interface.c.o
                0x100054bc                tud_cdc_line_coding_cb
 .text.stdio_usb_set_chars_available_callback
                0x100054e8       0x14 CMakeFiles/rfid_node.dir/Users/marius/.pico-sdk/sdk/2.2.0/src/rp2_common/pico_stdio_usb/stdio_usb.c.o
                0x100054e8                stdio_usb_set_chars_available_callback
 .text.usb_irq  0x100054fc       0x10 CMakeFiles/rfid_node.dir/Users/marius/.pico-sdk/sdk/2.2.0/src/rp2_common/pico_stdio_usb/stdio_usb.c.o
 .text.timer_task
                0x1000550c       0x64 CMakeFiles/rfid_node.dir/Users/marius/.pico-sdk/sdk/2.2.0/src/rp2_common/pico_stdio_usb/stdio_usb.c.o
 .text.stdio_usb_in_chars
                0x10005570       0x8c CMakeFiles/rfid_node.dir/Users/marius/.pico-sdk/sdk/2.2.0/src/rp2_common/pico_stdio_usb/stdio_usb.c.o
                0x10005570                stdio_usb_in_chars
 .text.stdio_usb_out_flush
                0x100055fc       0x4c CMakeFiles/rfid_node.dir/Users/marius/.pico-sdk/sdk/2.2.0/src/rp2_common/pico_stdio_usb/stdio_usb.c.o
 .text.stdio_usb_out_chars
                0x10005648      0x100 CMakeFiles/rfid_node.dir/Users/marius/.pico-sdk/sdk/2.2.0/src/rp2_common/pico_stdio_usb/stdio_usb.c.o
 .text.low_priority_worker_irq
                0x10005748       0xc8 CMakeFiles/rfid_node.dir/Users/marius/.pico-sdk/sdk/2.2.0/src/rp2_common/pico_stdio_usb/stdio_usb.c.o
 .text.stdio_usb_init
                0x10005810       0xe8 CMakeFiles/rfid_node.dir/Users/marius/.pico-sdk/sdk/2.2.0/src/rp2_common/pico_stdio_usb/stdio_usb.c.o
                0x10005810                stdio_usb_init
 .text.tud_descriptor_device_cb
                0x100058f8        0x8 CMakeFiles/rfid_node.dir/Users/marius/.pico-sdk/sdk/2.2.0/src/rp2_common/pico_stdio_usb/stdio_usb_descriptors.c.o
                0x100058f8                tud_descriptor_device_cb
 .text.tud_descriptor_configuration_cb
                0x10005900        0x8 CMakeFiles/rfid_node.dir/Users/marius/.pico-sdk/sdk/2.2.0/src/rp2_common/pico_stdio_usb/stdio_usb_descriptors.c.o
                0x10005900                tud_descriptor_configuration_cb
 .text.tud_descriptor_string_cb
                0x10005908       0x78 CMakeFiles/rfid_node.dir/Users/marius/.pico-sdk/sdk/2.2.0/src/rp2_common/pico_stdio_usb/stdio_usb_descriptors.c.o
                0x10005908                tud_descriptor_string_cb
 .text.startup._retrieve_unique_id_on_boot
                0x10005980       0x10 CMakeFiles/rfid_node.dir/Users/marius/.pico-sdk/sdk/2.2.0/src/rp2_common/pico_unique_id/unique_id.c.o
 .text.pico_get_unique_board_id
                0x10005990       0x10 CMakeFiles/rfid_node.dir/Users/marius/.pico-sdk/sdk/2.2.0/src/rp2_common/pico_unique_id/unique_id.c.o
                0x10005990                pico_get_unique_board_id
 .text.pico_get_unique_board_id_string
                0x100059a0      0x1a8 CMakeFiles/rfid_node.dir/Users/marius/.pico-sdk/sdk/2.2.0/src/rp2_common/pico_unique_id/unique_id.c.o
                0x100059a0                pico_get_unique_board_id_string
 .text.flash_get_unique_id
                0x10005b48       0x3c CMakeFiles/rfid_node.dir/Users/marius/.pico-sdk/sdk/2.2.0/src/rp2_common/hardware_flash/flash.c.o
                0x10005b48                flash_get_unique_id
 .text.dcd_init
                0x10005b84       0x90 CMakeFiles/rfid_node.dir/Users/marius/.pico-sdk/sdk/2.2.0/lib/tinyusb/src/portable/raspberrypi/rp2040/dcd_rp2040.c.o
                0x10005b84                dcd_init
 .text.dcd_int_enable
                0x10005c14        0xc CMakeFiles/rfid_node.dir/Users/marius/.pico-sdk/sdk/2.2.0/lib/tinyusb/src/portable/raspberrypi/rp2040/dcd_rp2040.c.o
                0x10005c14                dcd_int_enable
 .text.dcd_set_address
                0x10005c20       0x14 CMakeFiles/rfid_node.dir/Users/marius/.pico-sdk/sdk/2.2.0/lib/tinyusb/src/portable/raspberrypi/rp2040/dcd_rp2040.c.o
                0x10005c20                dcd_set_address
 .text.dcd_sof_enable
                0x10005c34       0x1c CMakeFiles/rfid_node.dir/Users/marius/.pico-sdk/sdk/2.2.0/lib/tinyusb/src/portable/raspberrypi/rp2040/dcd_rp2040.c.o
                0x10005c34                dcd_sof_enable
 .text.dcd_edpt0_status_complete
                0x10005c50       0x1c CMakeFiles/rfid_node.dir/Users/marius/.pico-sdk/sdk/2.2.0/lib/tinyusb/src/portable/raspberrypi/rp2040/dcd_rp2040.c.o
                0x10005c50                dcd_edpt0_status_complete
 .text.dcd_edpt_open
                0x10005c6c      0x114 CMakeFiles/rfid_node.dir/Users/marius/.pico-sdk/sdk/2.2.0/lib/tinyusb/src/portable/raspberrypi/rp2040/dcd_rp2040.c.o
                0x10005c6c                dcd_edpt_open
 .text.dcd_edpt_close_all
                0x10005d80        0x8 CMakeFiles/rfid_node.dir/Users/marius/.pico-sdk/sdk/2.2.0/lib/tinyusb/src/portable/raspberrypi/rp2040/dcd_rp2040.c.o
                0x10005d80                dcd_edpt_close_all
 .text.dcd_edpt_xfer
                0x10005d88       0x24 CMakeFiles/rfid_node.dir/Users/marius/.pico-sdk/sdk/2.2.0/lib/tinyusb/src/portable/raspberrypi/rp2040/dcd_rp2040.c.o
                0x10005d88                dcd_edpt_xfer
 .text.dcd_edpt_stall
                0x10005dac       0x3c CMakeFiles/rfid_node.dir/Users/marius/.pico-sdk/sdk/2.2.0/lib/tinyusb/src/portable/raspberrypi/rp2040/dcd_rp2040.c.o
                0x10005dac                dcd_edpt_stall
 .text.dcd_edpt_clear_stall
                0x10005de8       0x30 CMakeFiles/rfid_node.dir/Users/marius/.pico-sdk/sdk/2.2.0/lib/tinyusb/src/portable/raspberrypi/rp2040/dcd_rp2040.c.o
                0x10005de8                dcd_edpt_clear_stall
 .text.rp2040_usb_init
                0x10005e18       0x40 CMakeFiles/rfid_node.dir/Users/marius/.pico-sdk/sdk/2.2.0/lib/tinyusb/src/portable/raspberrypi/rp2040/rp2040_usb.c.o
                0x10005e18                rp2040_usb_init
 .text.hw_endpoint_xfer_start
                0x10005e58       0x40 CMakeFiles/rfid_node.dir/Users/marius/.pico-sdk/sdk/2.2.0/lib/tinyusb/src/portable/raspberrypi/rp2040/rp2040_usb.c.o
                0x10005e58                hw_endpoint_xfer_start
 .text.tud_event_hook_cb
                0x10005e98        0x4 CMakeFiles/rfid_node.dir/Users/marius/.pico-sdk/sdk/2.2.0/lib/tinyusb/src/device/usbd.c.o
                0x10005e98                tud_event_hook_cb
 .text.tud_sof_cb
                0x10005e9c        0x4 CMakeFiles/rfid_node.dir/Users/marius/.pico-sdk/sdk/2.2.0/lib/tinyusb/src/device/usbd.c.o
                0x10005e9c                tud_sof_cb
 .text.tud_descriptor_device_qualifier_cb
                0x10005ea0        0x4 CMakeFiles/rfid_node.dir/Users/marius/.pico-sdk/sdk/2.2.0/lib/tinyusb/src/device/usbd.c.o
                0x10005ea0                tud_descriptor_device_qualifier_cb
 .text.tud_descriptor_other_speed_configuration_cb
                0x10005ea4        0x4 CMakeFiles/rfid_node.dir/Users/marius/.pico-sdk/sdk/2.2.0/lib/tinyusb/src/device/usbd.c.o
                0x10005ea4                tud_descriptor_other_speed_configuration_cb
 .text.tud_mount_cb
                0x10005ea8        0x4 CMakeFiles/rfid_node.dir/Users/marius/.pico-sdk/sdk/2.2.0/lib/tinyusb/src/device/usbd.c.o
                0x10005ea8                tud_mount_cb
 .text.tud_umount_cb
                0x10005eac        0x4 CMakeFiles/rfid_node.dir/Users/marius/.pico-sdk/sdk/2.2.0/lib/tinyusb/src/device/usbd.c.o
                0x10005eac                tud_umount_cb
 .text.tud_suspend_cb
                0x10005eb0        0x4 CMakeFiles/rfid_node.dir/Users/marius/.pico-sdk/sdk/2.2.0/lib/tinyusb/src/device/usbd.c.o
                0x10005eb0                tud_suspend_cb
 .text.tud_resume_cb
                0x10005eb4        0x4 CMakeFiles/rfid_node.dir/Users/marius/.pico-sdk/sdk/2.2.0/lib/tinyusb/src/device/usbd.c.o
                0x10005eb4                tud_resume_cb
 .text.tud_mounted
                0x10005eb8       0x10 CMakeFiles/rfid_node.dir/Users/marius/.pico-sdk/sdk/2.2.0/lib/tinyusb/src/device/usbd.c.o
                0x10005eb8                tud_mounted
 .text.tud_suspended
                0x10005ec8       0x10 CMakeFiles/rfid_node.dir/Users/marius/.pico-sdk/sdk/2.2.0/lib/tinyusb/src/device/usbd.c.o
                0x10005ec8                tud_suspended
 .text.tud_rhport_init
                0x10005ed8       0xf4 CMakeFiles/rfid_node.dir/Users/marius/.pico-sdk/sdk/2.2.0/lib/tinyusb/src/device/usbd.c.o
                0x10005ed8                tud_rhport_init
 .text.tud_task_ext
                0x10005fcc      0x800 CMakeFiles/rfid_node.dir/Users/marius/.pico-sdk/sdk/2.2.0/lib/tinyusb/src/device/usbd.c.o
                0x10005fcc                tud_task_ext
 .text.usbd_open_edpt_pair
                0x100067cc       0x9c CMakeFiles/rfid_node.dir/Users/marius/.pico-sdk/sdk/2.2.0/lib/tinyusb/src/device/usbd.c.o
                0x100067cc                usbd_open_edpt_pair
 .text.usbd_edpt_open
                0x10006868       0x34 CMakeFiles/rfid_node.dir/Users/marius/.pico-sdk/sdk/2.2.0/lib/tinyusb/src/device/usbd.c.o
                0x10006868                usbd_edpt_open
 .text.usbd_edpt_claim
                0x1000689c       0x28 CMakeFiles/rfid_node.dir/Users/marius/.pico-sdk/sdk/2.2.0/lib/tinyusb/src/device/usbd.c.o
                0x1000689c                usbd_edpt_claim
 .text.usbd_edpt_release
                0x100068c4       0x28 CMakeFiles/rfid_node.dir/Users/marius/.pico-sdk/sdk/2.2.0/lib/tinyusb/src/device/usbd.c.o
                0x100068c4                usbd_edpt_release
 .text.usbd_edpt_xfer
                0x100068ec       0x4c CMakeFiles/rfid_node.dir/Users/marius/.pico-sdk/sdk/2.2.0/lib/tinyusb/src/device/usbd.c.o
                0x100068ec                usbd_edpt_xfer
 .text.tud_control_status
                0x10006938       0x2c CMakeFiles/rfid_node.dir/Users/marius/.pico-sdk/sdk/2.2.0/lib/tinyusb/src/device/usbd_control.c.o
                0x10006938                tud_control_status
 .text.tud_control_xfer
                0x10006964       0xa8 CMakeFiles/rfid_node.dir/Users/marius/.pico-sdk/sdk/2.2.0/lib/tinyusb/src/device/usbd_control.c.o
                0x10006964                tud_control_xfer
 .text.usbd_control_reset
                0x10006a0c       0x14 CMakeFiles/rfid_node.dir/Users/marius/.pico-sdk/sdk/2.2.0/lib/tinyusb/src/device/usbd_control.c.o
                0x10006a0c                usbd_control_reset
 .text.usbd_control_set_complete_callback
                0x10006a20        0xc CMakeFiles/rfid_node.dir/Users/marius/.pico-sdk/sdk/2.2.0/lib/tinyusb/src/device/usbd_control.c.o
                0x10006a20                usbd_control_set_complete_callback
 .text.usbd_control_set_request
                0x10006a2c       0x1c CMakeFiles/rfid_node.dir/Users/marius/.pico-sdk/sdk/2.2.0/lib/tinyusb/src/device/usbd_control.c.o
                0x10006a2c                usbd_control_set_request
 .text.usbd_control_xfer_cb
                0x10006a48       0xec CMakeFiles/rfid_node.dir/Users/marius/.pico-sdk/sdk/2.2.0/lib/tinyusb/src/device/usbd_control.c.o
                0x10006a48                usbd_control_xfer_cb
 .text._prep_out_transaction.isra.0
                0x10006b34       0x6c CMakeFiles/rfid_node.dir/Users/marius/.pico-sdk/sdk/2.2.0/lib/tinyusb/src/class/cdc/cdc_device.c.o
 .text.tud_cdc_n_connected
                0x10006ba0       0x2c CMakeFiles/rfid_node.dir/Users/marius/.pico-sdk/sdk/2.2.0/lib/tinyusb/src/class/cdc/cdc_device.c.o
                0x10006ba0                tud_cdc_n_connected
 .text.tud_cdc_n_available
                0x10006bcc       0x14 CMakeFiles/rfid_node.dir/Users/marius/.pico-sdk/sdk/2.2.0/lib/tinyusb/src/class/cdc/cdc_device.c.o
                0x10006bcc                tud_cdc_n_available
 .text.tud_cdc_n_read
                0x10006be0       0x88 CMakeFiles/rfid_node.dir/Users/marius/.pico-sdk/sdk/2.2.0/lib/tinyusb/src/class/cdc/cdc_device.c.o
                0x10006be0                tud_cdc_n_read
 .text.tud_cdc_n_write_flush
                0x10006c68       0x74 CMakeFiles/rfid_node.dir/Users/marius/.pico-sdk/sdk/2.2.0/lib/tinyusb/src/class/cdc/cdc_device.c.o
                0x10006c68                tud_cdc_n_write_flush
 .text.tud_cdc_n_write
                0x10006cdc       0x40 CMakeFiles/rfid_node.dir/Users/marius/.pico-sdk/sdk/2.2.0/lib/tinyusb/src/class/cdc/cdc_device.c.o
                0x10006cdc                tud_cdc_n_write
 .text.tud_cdc_n_write_available
                0x10006d1c       0x14 CMakeFiles/rfid_node.dir/Users/marius/.pico-sdk/sdk/2.2.0/lib/tinyusb/src/class/cdc/cdc_device.c.o
                0x10006d1c                tud_cdc_n_write_available
 .text.cdcd_init
                0x10006d30       0x70 CMakeFiles/rfid_node.dir/Users/marius/.pico-sdk/sdk/2.2.0/lib/tinyusb/src/class/cdc/cdc_device.c.o
                0x10006d30                cdcd_init
 .text.cdcd_deinit
                0x10006da0       0x30 CMakeFiles/rfid_node.dir/Users/marius/.pico-sdk/sdk/2.2.0/lib/tinyusb/src/class/cdc/cdc_device.c.o
                0x10006da0                cdcd_deinit
 .text.cdcd_reset
                0x10006dd0       0x4c CMakeFiles/rfid_node.dir/Users/marius/.pico-sdk/sdk/2.2.0/lib/tinyusb/src/class/cdc/cdc_device.c.o
                0x10006dd0                cdcd_reset
 .text.cdcd_open
                0x10006e1c       0xa4 CMakeFiles/rfid_node.dir/Users/marius/.pico-sdk/sdk/2.2.0/lib/tinyusb/src/class/cdc/cdc_device.c.o
                0x10006e1c                cdcd_open
 .text.cdcd_control_xfer_cb
                0x10006ec0       0xe8 CMakeFiles/rfid_node.dir/Users/marius/.pico-sdk/sdk/2.2.0/lib/tinyusb/src/class/cdc/cdc_device.c.o
                0x10006ec0                cdcd_control_xfer_cb
 .text.cdcd_xfer_cb
                0x10006fa8      0x100 CMakeFiles/rfid_node.dir/Users/marius/.pico-sdk/sdk/2.2.0/lib/tinyusb/src/class/cdc/cdc_device.c.o
                0x10006fa8                cdcd_xfer_cb
 .text.vendord_init
                0x100070a8       0x5c CMakeFiles/rfid_node.dir/Users/marius/.pico-sdk/sdk/2.2.0/lib/tinyusb/src/class/vendor/vendor_device.c.o
                0x100070a8                vendord_init
 .text.vendord_deinit
                0x10007104       0x1c CMakeFiles/rfid_node.dir/Users/marius/.pico-sdk/sdk/2.2.0/lib/tinyusb/src/class/vendor/vendor_device.c.o
                0x10007104                vendord_deinit
 .text.vendord_reset
                0x10007120       0x28 CMakeFiles/rfid_node.dir/Users/marius/.pico-sdk/sdk/2.2.0/lib/tinyusb/src/class/vendor/vendor_device.c.o
                0x10007120                vendord_reset
 .text.vendord_open
                0x10007148      0x120 CMakeFiles/rfid_node.dir/Users/marius/.pico-sdk/sdk/2.2.0/lib/tinyusb/src/class/vendor/vendor_device.c.o
                0x10007148                vendord_open
 .text.vendord_xfer_cb
                0x10007268       0x9c CMakeFiles/rfid_node.dir/Users/marius/.pico-sdk/sdk/2.2.0/lib/tinyusb/src/class/vendor/vendor_device.c.o
                0x10007268                vendord_xfer_cb
 .text.tusb_rhport_init
                0x10007304       0x4c CMakeFiles/rfid_node.dir/Users/marius/.pico-sdk/sdk/2.2.0/lib/tinyusb/src/tusb.c.o
                0x10007304                tusb_rhport_init
 .text.tu_edpt_claim
                0x10007350       0x50 CMakeFiles/rfid_node.dir/Users/marius/.pico-sdk/sdk/2.2.0/lib/tinyusb/src/tusb.c.o
                0x10007350                tu_edpt_claim
 .text.tu_edpt_release
                0x100073a0       0x38 CMakeFiles/rfid_node.dir/Users/marius/.pico-sdk/sdk/2.2.0/lib/tinyusb/src/tusb.c.o
                0x100073a0                tu_edpt_release
 .text.tu_edpt_validate
                0x100073d8       0x7c CMakeFiles/rfid_node.dir/Users/marius/.pico-sdk/sdk/2.2.0/lib/tinyusb/src/tusb.c.o
                0x100073d8                tu_edpt_validate
 .text.tu_edpt_bind_driver
                0x10007454       0x34 CMakeFiles/rfid_node.dir/Users/marius/.pico-sdk/sdk/2.2.0/lib/tinyusb/src/tusb.c.o
                0x10007454                tu_edpt_bind_driver
 .text.tu_edpt_stream_init
                0x10007488       0x6c CMakeFiles/rfid_node.dir/Users/marius/.pico-sdk/sdk/2.2.0/lib/tinyusb/src/tusb.c.o
                0x10007488                tu_edpt_stream_init
 .text.tu_edpt_stream_deinit
                0x100074f4        0x4 CMakeFiles/rfid_node.dir/Users/marius/.pico-sdk/sdk/2.2.0/lib/tinyusb/src/tusb.c.o
                0x100074f4                tu_edpt_stream_deinit
 .text.tu_edpt_stream_write_zlp_if_needed
                0x100074f8       0x68 CMakeFiles/rfid_node.dir/Users/marius/.pico-sdk/sdk/2.2.0/lib/tinyusb/src/tusb.c.o
                0x100074f8                tu_edpt_stream_write_zlp_if_needed
 .text.tu_edpt_stream_write_xfer
                0x10007560       0x68 CMakeFiles/rfid_node.dir/Users/marius/.pico-sdk/sdk/2.2.0/lib/tinyusb/src/tusb.c.o
                0x10007560                tu_edpt_stream_write_xfer
 .text.tu_edpt_stream_read_xfer
                0x100075c8       0xd8 CMakeFiles/rfid_node.dir/Users/marius/.pico-sdk/sdk/2.2.0/lib/tinyusb/src/tusb.c.o
                0x100075c8                tu_edpt_stream_read_xfer
 .text.tu_fifo_config
                0x100076a0       0x6c CMakeFiles/rfid_node.dir/Users/marius/.pico-sdk/sdk/2.2.0/lib/tinyusb/src/common/tusb_fifo.c.o
                0x100076a0                tu_fifo_config
 .text.tu_fifo_count
                0x1000770c       0x2c CMakeFiles/rfid_node.dir/Users/marius/.pico-sdk/sdk/2.2.0/lib/tinyusb/src/common/tusb_fifo.c.o
                0x1000770c                tu_fifo_count
 .text.tu_fifo_empty
                0x10007738       0x10 CMakeFiles/rfid_node.dir/Users/marius/.pico-sdk/sdk/2.2.0/lib/tinyusb/src/common/tusb_fifo.c.o
                0x10007738                tu_fifo_empty
 .text.tu_fifo_remaining
                0x10007748       0x2c CMakeFiles/rfid_node.dir/Users/marius/.pico-sdk/sdk/2.2.0/lib/tinyusb/src/common/tusb_fifo.c.o
                0x10007748                tu_fifo_remaining
 .text.tu_fifo_read
                0x10007774       0x9c CMakeFiles/rfid_node.dir/Users/marius/.pico-sdk/sdk/2.2.0/lib/tinyusb/src/common/tusb_fifo.c.o
                0x10007774                tu_fifo_read
 .text.tu_fifo_read_n
                0x10007810       0xe8 CMakeFiles/rfid_node.dir/Users/marius/.pico-sdk/sdk/2.2.0/lib/tinyusb/src/common/tusb_fifo.c.o
                0x10007810                tu_fifo_read_n
 .text.tu_fifo_write
                0x100078f8       0xa4 CMakeFiles/rfid_node.dir/Users/marius/.pico-sdk/sdk/2.2.0/lib/tinyusb/src/common/tusb_fifo.c.o
                0x100078f8                tu_fifo_write
 .text.tu_fifo_write_n
                0x1000799c      0x178 CMakeFiles/rfid_node.dir/Users/marius/.pico-sdk/sdk/2.2.0/lib/tinyusb/src/common/tusb_fifo.c.o
                0x1000799c                tu_fifo_write_n
 .text.tu_fifo_clear
                0x10007b14       0x40 CMakeFiles/rfid_node.dir/Users/marius/.pico-sdk/sdk/2.2.0/lib/tinyusb/src/common/tusb_fifo.c.o
                0x10007b14                tu_fifo_clear
 .text.tu_fifo_set_overwritable
                0x10007b54       0x48 CMakeFiles/rfid_node.dir/Users/marius/.pico-sdk/sdk/2.2.0/lib/tinyusb/src/common/tusb_fifo.c.o
                0x10007b54                tu_fifo_set_overwritable
 .text.spi_init
                0x10007b9c      0x13c CMakeFiles/rfid_node.dir/Users/marius/.pico-sdk/sdk/2.2.0/src/rp2_common/hardware_spi/spi.c.o
                0x10007b9c                spi_init
 .text.lwip_timeout_reached
                0x10007cd8        0x8 CMakeFiles/rfid_node.dir/Users/marius/.pico-sdk/sdk/2.2.0/src/rp2_common/pico_lwip/lwip_nosys.c.o
 .text.update_next_timeout
                0x10007ce0       0x5c CMakeFiles/rfid_node.dir/Users/marius/.pico-sdk/sdk/2.2.0/src/rp2_common/pico_lwip/lwip_nosys.c.o
 .text.lwip_nosys_init
                0x10007d3c       0x30 CMakeFiles/rfid_node.dir/Users/marius/.pico-sdk/sdk/2.2.0/src/rp2_common/pico_lwip/lwip_nosys.c.o
                0x10007d3c                lwip_nosys_init
 .text.lwip_nosys_deinit
                0x10007d6c       0x20 CMakeFiles/rfid_node.dir/Users/marius/.pico-sdk/sdk/2.2.0/src/rp2_common/pico_lwip/lwip_nosys.c.o
                0x10007d6c                lwip_nosys_deinit
 .text.sys_arch_protect
                0x10007d8c        0x4 CMakeFiles/rfid_node.dir/Users/marius/.pico-sdk/sdk/2.2.0/src/rp2_common/pico_lwip/lwip_nosys.c.o
                0x10007d8c                sys_arch_protect
 .text.sys_arch_unprotect
                0x10007d90        0x4 CMakeFiles/rfid_node.dir/Users/marius/.pico-sdk/sdk/2.2.0/src/rp2_common/pico_lwip/lwip_nosys.c.o
                0x10007d90                sys_arch_unprotect
 .text.sys_now  0x10007d94       0x20 CMakeFiles/rfid_node.dir/Users/marius/.pico-sdk/sdk/2.2.0/src/rp2_common/pico_lwip/lwip_nosys.c.o
                0x10007d94                sys_now
 .text.async_context_base_add_at_time_worker
                0x10007db4       0x28 CMakeFiles/rfid_node.dir/Users/marius/.pico-sdk/sdk/2.2.0/src/rp2_common/pico_async_context/async_context_base.c.o
                0x10007db4                async_context_base_add_at_time_worker
 .text.async_context_base_remove_at_time_worker
                0x10007ddc       0x24 CMakeFiles/rfid_node.dir/Users/marius/.pico-sdk/sdk/2.2.0/src/rp2_common/pico_async_context/async_context_base.c.o
                0x10007ddc                async_context_base_remove_at_time_worker
 .text.async_context_base_add_when_pending_worker
                0x10007e00       0x24 CMakeFiles/rfid_node.dir/Users/marius/.pico-sdk/sdk/2.2.0/src/rp2_common/pico_async_context/async_context_base.c.o
                0x10007e00                async_context_base_add_when_pending_worker
 .text.async_context_base_remove_when_pending_worker
                0x10007e24       0x24 CMakeFiles/rfid_node.dir/Users/marius/.pico-sdk/sdk/2.2.0/src/rp2_common/pico_async_context/async_context_base.c.o
                0x10007e24                async_context_base_remove_when_pending_worker
 .text.async_context_base_execute_once
                0x10007e48      0x108 CMakeFiles/rfid_node.dir/Users/marius/.pico-sdk/sdk/2.2.0/src/rp2_common/pico_async_context/async_context_base.c.o
                0x10007e48                async_context_base_execute_once
 .text.splitmix64
                0x10007f50       0x58 CMakeFiles/rfid_node.dir/Users/marius/.pico-sdk/sdk/2.2.0/src/rp2_common/pico_rand/rand.c.o
 .text.xoroshiro128ss
                0x10007fa8       0x90 CMakeFiles/rfid_node.dir/Users/marius/.pico-sdk/sdk/2.2.0/src/rp2_common/pico_rand/rand.c.o
 .text.get_rand_64
                0x10008038      0x47c CMakeFiles/rfid_node.dir/Users/marius/.pico-sdk/sdk/2.2.0/src/rp2_common/pico_rand/rand.c.o
                0x10008038                get_rand_64
 .text.get_rand_32
                0x100084b4        0x8 CMakeFiles/rfid_node.dir/Users/marius/.pico-sdk/sdk/2.2.0/src/rp2_common/pico_rand/rand.c.o
                0x100084b4                get_rand_32
 .text.lwip_init
                0x100084bc       0x28 CMakeFiles/rfid_node.dir/Users/marius/.pico-sdk/sdk/2.2.0/lib/lwip/src/core/init.c.o
                0x100084bc                lwip_init
 .text.lwip_htons
                0x100084e4        0x8 CMakeFiles/rfid_node.dir/Users/marius/.pico-sdk/sdk/2.2.0/lib/lwip/src/core/def.c.o
                0x100084e4                lwip_htons
 .text.lwip_htonl
                0x100084ec        0x4 CMakeFiles/rfid_node.dir/Users/marius/.pico-sdk/sdk/2.2.0/lib/lwip/src/core/def.c.o
                0x100084ec                lwip_htonl
 .text.dns_call_found
                0x100084f0      0x184 CMakeFiles/rfid_node.dir/Users/marius/.pico-sdk/sdk/2.2.0/lib/lwip/src/core/dns.c.o
 .text.dns_send.isra.0
                0x10008674      0x174 CMakeFiles/rfid_node.dir/Users/marius/.pico-sdk/sdk/2.2.0/lib/lwip/src/core/dns.c.o
 .text.dns_init
                0x100087e8        0x4 CMakeFiles/rfid_node.dir/Users/marius/.pico-sdk/sdk/2.2.0/lib/lwip/src/core/dns.c.o
                0x100087e8                dns_init
 .text.dns_setserver
                0x100087ec       0x24 CMakeFiles/rfid_node.dir/Users/marius/.pico-sdk/sdk/2.2.0/lib/lwip/src/core/dns.c.o
                0x100087ec                dns_setserver
 .text.dns_tmr  0x10008810      0x130 CMakeFiles/rfid_node.dir/Users/marius/.pico-sdk/sdk/2.2.0/lib/lwip/src/core/dns.c.o
                0x10008810                dns_tmr
 .text.lwip_standard_chksum
                0x10008940       0x78 CMakeFiles/rfid_node.dir/Users/marius/.pico-sdk/sdk/2.2.0/lib/lwip/src/core/inet_chksum.c.o
                0x10008940                lwip_standard_chksum
 .text.inet_chksum_pseudo
                0x100089b8       0xbc CMakeFiles/rfid_node.dir/Users/marius/.pico-sdk/sdk/2.2.0/lib/lwip/src/core/inet_chksum.c.o
                0x100089b8                inet_chksum_pseudo
 .text.ip_chksum_pseudo
                0x10008a74       0x10 CMakeFiles/rfid_node.dir/Users/marius/.pico-sdk/sdk/2.2.0/lib/lwip/src/core/inet_chksum.c.o
                0x10008a74                ip_chksum_pseudo
 .text.inet_chksum
                0x10008a84       0x7c CMakeFiles/rfid_node.dir/Users/marius/.pico-sdk/sdk/2.2.0/lib/lwip/src/core/inet_chksum.c.o
                0x10008a84                inet_chksum
 .text.inet_chksum_pbuf
                0x10008b00       0x78 CMakeFiles/rfid_node.dir/Users/marius/.pico-sdk/sdk/2.2.0/lib/lwip/src/core/inet_chksum.c.o
                0x10008b00                inet_chksum_pbuf
 .text.mem_init
                0x10008b78       0x48 CMakeFiles/rfid_node.dir/Users/marius/.pico-sdk/sdk/2.2.0/lib/lwip/src/core/mem.c.o
                0x10008b78                mem_init
 .text.mem_free
                0x10008bc0      0x14c CMakeFiles/rfid_node.dir/Users/marius/.pico-sdk/sdk/2.2.0/lib/lwip/src/core/mem.c.o
                0x10008bc0                mem_free
 .text.mem_trim
                0x10008d0c      0x154 CMakeFiles/rfid_node.dir/Users/marius/.pico-sdk/sdk/2.2.0/lib/lwip/src/core/mem.c.o
                0x10008d0c                mem_trim
 .text.mem_malloc
                0x10008e60      0x16c CMakeFiles/rfid_node.dir/Users/marius/.pico-sdk/sdk/2.2.0/lib/lwip/src/core/mem.c.o
                0x10008e60                mem_malloc
 .text.memp_init
                0x10008fcc       0x94 CMakeFiles/rfid_node.dir/Users/marius/.pico-sdk/sdk/2.2.0/lib/lwip/src/core/memp.c.o
                0x10008fcc                memp_init
 .text.memp_malloc
                0x10009060       0x5c CMakeFiles/rfid_node.dir/Users/marius/.pico-sdk/sdk/2.2.0/lib/lwip/src/core/memp.c.o
                0x10009060                memp_malloc
 .text.memp_free
                0x100090bc       0x40 CMakeFiles/rfid_node.dir/Users/marius/.pico-sdk/sdk/2.2.0/lib/lwip/src/core/memp.c.o
                0x100090bc                memp_free
 .text.netif_null_output_ip4
                0x100090fc        0x8 CMakeFiles/rfid_node.dir/Users/marius/.pico-sdk/sdk/2.2.0/lib/lwip/src/core/netif.c.o
 .text.netif_do_set_ipaddr.isra.0
                0x10009104       0x64 CMakeFiles/rfid_node.dir/Users/marius/.pico-sdk/sdk/2.2.0/lib/lwip/src/core/netif.c.o
 .text.netif_init
                0x10009168        0x4 CMakeFiles/rfid_node.dir/Users/marius/.pico-sdk/sdk/2.2.0/lib/lwip/src/core/netif.c.o
                0x10009168                netif_init
 .text.netif_add
                0x1000916c      0x188 CMakeFiles/rfid_node.dir/Users/marius/.pico-sdk/sdk/2.2.0/lib/lwip/src/core/netif.c.o
                0x1000916c                netif_add
 .text.netif_set_addr
                0x100092f4       0xac CMakeFiles/rfid_node.dir/Users/marius/.pico-sdk/sdk/2.2.0/lib/lwip/src/core/netif.c.o
                0x100092f4                netif_set_addr
 .text.netif_remove
                0x100093a0       0x8c CMakeFiles/rfid_node.dir/Users/marius/.pico-sdk/sdk/2.2.0/lib/lwip/src/core/netif.c.o
                0x100093a0                netif_remove
 .text.netif_set_default
                0x1000942c        0xc CMakeFiles/rfid_node.dir/Users/marius/.pico-sdk/sdk/2.2.0/lib/lwip/src/core/netif.c.o
                0x1000942c                netif_set_default
 .text.netif_set_up
                0x10009438       0x2c CMakeFiles/rfid_node.dir/Users/marius/.pico-sdk/sdk/2.2.0/lib/lwip/src/core/netif.c.o
                0x10009438                netif_set_up
 .text.netif_set_link_up
                0x10009464       0x38 CMakeFiles/rfid_node.dir/Users/marius/.pico-sdk/sdk/2.2.0/lib/lwip/src/core/netif.c.o
                0x10009464                netif_set_link_up
 .text.netif_set_link_down
                0x1000949c       0x1c CMakeFiles/rfid_node.dir/Users/marius/.pico-sdk/sdk/2.2.0/lib/lwip/src/core/netif.c.o
                0x1000949c                netif_set_link_down
 .text.netif_get_by_index
                0x100094b8       0x2c CMakeFiles/rfid_node.dir/Users/marius/.pico-sdk/sdk/2.2.0/lib/lwip/src/core/netif.c.o
                0x100094b8                netif_get_by_index
 .text.pbuf_free.part.0
                0x100094e4       0xa4 CMakeFiles/rfid_node.dir/Users/marius/.pico-sdk/sdk/2.2.0/lib/lwip/src/core/pbuf.c.o
 .text.pbuf_free_ooseq
                0x10009588       0x34 CMakeFiles/rfid_node.dir/Users/marius/.pico-sdk/sdk/2.2.0/lib/lwip/src/core/pbuf.c.o
                0x10009588                pbuf_free_ooseq
 .text.pbuf_alloc
                0x100095bc      0x134 CMakeFiles/rfid_node.dir/Users/marius/.pico-sdk/sdk/2.2.0/lib/lwip/src/core/pbuf.c.o
                0x100095bc                pbuf_alloc
 .text.pbuf_alloced_custom
                0x100096f0       0x38 CMakeFiles/rfid_node.dir/Users/marius/.pico-sdk/sdk/2.2.0/lib/lwip/src/core/pbuf.c.o
                0x100096f0                pbuf_alloced_custom
 .text.pbuf_realloc
                0x10009728       0x8c CMakeFiles/rfid_node.dir/Users/marius/.pico-sdk/sdk/2.2.0/lib/lwip/src/core/pbuf.c.o
                0x10009728                pbuf_realloc
 .text.pbuf_add_header
                0x100097b4       0x54 CMakeFiles/rfid_node.dir/Users/marius/.pico-sdk/sdk/2.2.0/lib/lwip/src/core/pbuf.c.o
                0x100097b4                pbuf_add_header
 .text.pbuf_remove_header
                0x10009808       0x3c CMakeFiles/rfid_node.dir/Users/marius/.pico-sdk/sdk/2.2.0/lib/lwip/src/core/pbuf.c.o
                0x10009808                pbuf_remove_header
 .text.pbuf_header_force
                0x10009844       0x68 CMakeFiles/rfid_node.dir/Users/marius/.pico-sdk/sdk/2.2.0/lib/lwip/src/core/pbuf.c.o
                0x10009844                pbuf_header_force
 .text.pbuf_free
                0x100098ac       0x18 CMakeFiles/rfid_node.dir/Users/marius/.pico-sdk/sdk/2.2.0/lib/lwip/src/core/pbuf.c.o
                0x100098ac                pbuf_free
 .text.pbuf_clen
                0x100098c4       0x14 CMakeFiles/rfid_node.dir/Users/marius/.pico-sdk/sdk/2.2.0/lib/lwip/src/core/pbuf.c.o
                0x100098c4                pbuf_clen
 .text.pbuf_ref
                0x100098d8       0x28 CMakeFiles/rfid_node.dir/Users/marius/.pico-sdk/sdk/2.2.0/lib/lwip/src/core/pbuf.c.o
                0x100098d8                pbuf_ref
 .text.pbuf_cat
                0x10009900       0x54 CMakeFiles/rfid_node.dir/Users/marius/.pico-sdk/sdk/2.2.0/lib/lwip/src/core/pbuf.c.o
                0x10009900                pbuf_cat
 .text.pbuf_chain
                0x10009954       0x70 CMakeFiles/rfid_node.dir/Users/marius/.pico-sdk/sdk/2.2.0/lib/lwip/src/core/pbuf.c.o
                0x10009954                pbuf_chain
 .text.pbuf_copy_partial_pbuf
                0x100099c4      0x158 CMakeFiles/rfid_node.dir/Users/marius/.pico-sdk/sdk/2.2.0/lib/lwip/src/core/pbuf.c.o
                0x100099c4                pbuf_copy_partial_pbuf
 .text.pbuf_copy
                0x10009b1c       0x18 CMakeFiles/rfid_node.dir/Users/marius/.pico-sdk/sdk/2.2.0/lib/lwip/src/core/pbuf.c.o
                0x10009b1c                pbuf_copy
 .text.pbuf_copy_partial
                0x10009b34       0x70 CMakeFiles/rfid_node.dir/Users/marius/.pico-sdk/sdk/2.2.0/lib/lwip/src/core/pbuf.c.o
                0x10009b34                pbuf_copy_partial
 .text.pbuf_take
                0x10009ba4       0x78 CMakeFiles/rfid_node.dir/Users/marius/.pico-sdk/sdk/2.2.0/lib/lwip/src/core/pbuf.c.o
                0x10009ba4                pbuf_take
 .text.pbuf_take_at
                0x10009c1c       0xc0 CMakeFiles/rfid_node.dir/Users/marius/.pico-sdk/sdk/2.2.0/lib/lwip/src/core/pbuf.c.o
                0x10009c1c                pbuf_take_at
 .text.pbuf_clone
                0x10009cdc       0x30 CMakeFiles/rfid_node.dir/Users/marius/.pico-sdk/sdk/2.2.0/lib/lwip/src/core/pbuf.c.o
                0x10009cdc                pbuf_clone
 .text.pbuf_put_at
                0x10009d0c       0x1c CMakeFiles/rfid_node.dir/Users/marius/.pico-sdk/sdk/2.2.0/lib/lwip/src/core/pbuf.c.o
                0x10009d0c                pbuf_put_at
 .text.stats_init
                0x10009d28        0x4 CMakeFiles/rfid_node.dir/Users/marius/.pico-sdk/sdk/2.2.0/lib/lwip/src/core/stats.c.o
                0x10009d28                stats_init
 .text.tcp_close_shutdown_fin
                0x10009d2c       0x54 CMakeFiles/rfid_node.dir/Users/marius/.pico-sdk/sdk/2.2.0/lib/lwip/src/core/tcp.c.o
 .text.tcp_pcb_purge.part.0
                0x10009d80       0xc4 CMakeFiles/rfid_node.dir/Users/marius/.pico-sdk/sdk/2.2.0/lib/lwip/src/core/tcp.c.o
 .text.tcp_init
                0x10009e44       0x20 CMakeFiles/rfid_node.dir/Users/marius/.pico-sdk/sdk/2.2.0/lib/lwip/src/core/tcp.c.o
                0x10009e44                tcp_init
 .text.tcp_free
                0x10009e64       0x1c CMakeFiles/rfid_node.dir/Users/marius/.pico-sdk/sdk/2.2.0/lib/lwip/src/core/tcp.c.o
                0x10009e64                tcp_free
 .text.tcp_update_rcv_ann_wnd
                0x10009e80       0x58 CMakeFiles/rfid_node.dir/Users/marius/.pico-sdk/sdk/2.2.0/lib/lwip/src/core/tcp.c.o
                0x10009e80                tcp_update_rcv_ann_wnd
 .text.tcp_recved
                0x10009ed8       0x98 CMakeFiles/rfid_node.dir/Users/marius/.pico-sdk/sdk/2.2.0/lib/lwip/src/core/tcp.c.o
                0x10009ed8                tcp_recved
 .text.tcp_connect
                0x10009f70      0x1bc CMakeFiles/rfid_node.dir/Users/marius/.pico-sdk/sdk/2.2.0/lib/lwip/src/core/tcp.c.o
                0x10009f70                tcp_connect
 .text.tcp_slowtmr
                0x1000a12c      0x514 CMakeFiles/rfid_node.dir/Users/marius/.pico-sdk/sdk/2.2.0/lib/lwip/src/core/tcp.c.o
                0x1000a12c                tcp_slowtmr
 .text.tcp_segs_free
                0x1000a640       0x38 CMakeFiles/rfid_node.dir/Users/marius/.pico-sdk/sdk/2.2.0/lib/lwip/src/core/tcp.c.o
                0x1000a640                tcp_segs_free
 .text.tcp_seg_free
                0x1000a678       0x1c CMakeFiles/rfid_node.dir/Users/marius/.pico-sdk/sdk/2.2.0/lib/lwip/src/core/tcp.c.o
                0x1000a678                tcp_seg_free
 .text.tcp_seg_copy
                0x1000a694       0x2c CMakeFiles/rfid_node.dir/Users/marius/.pico-sdk/sdk/2.2.0/lib/lwip/src/core/tcp.c.o
                0x1000a694                tcp_seg_copy
 .text.tcp_arg  0x1000a6c0        0x8 CMakeFiles/rfid_node.dir/Users/marius/.pico-sdk/sdk/2.2.0/lib/lwip/src/core/tcp.c.o
                0x1000a6c0                tcp_arg
 .text.tcp_recv
                0x1000a6c8       0x1c CMakeFiles/rfid_node.dir/Users/marius/.pico-sdk/sdk/2.2.0/lib/lwip/src/core/tcp.c.o
                0x1000a6c8                tcp_recv
 .text.tcp_err  0x1000a6e4       0x1c CMakeFiles/rfid_node.dir/Users/marius/.pico-sdk/sdk/2.2.0/lib/lwip/src/core/tcp.c.o
                0x1000a6e4                tcp_err
 .text.tcp_pcb_purge
                0x1000a700       0x18 CMakeFiles/rfid_node.dir/Users/marius/.pico-sdk/sdk/2.2.0/lib/lwip/src/core/tcp.c.o
                0x1000a700                tcp_pcb_purge
 .text.tcp_pcb_remove
                0x1000a718       0xc8 CMakeFiles/rfid_node.dir/Users/marius/.pico-sdk/sdk/2.2.0/lib/lwip/src/core/tcp.c.o
                0x1000a718                tcp_pcb_remove
 .text.tcp_abandon
                0x1000a7e0      0x1a0 CMakeFiles/rfid_node.dir/Users/marius/.pico-sdk/sdk/2.2.0/lib/lwip/src/core/tcp.c.o
                0x1000a7e0                tcp_abandon
 .text.tcp_abort
                0x1000a980        0xc CMakeFiles/rfid_node.dir/Users/marius/.pico-sdk/sdk/2.2.0/lib/lwip/src/core/tcp.c.o
                0x1000a980                tcp_abort
 .text.tcp_alloc
                0x1000a98c      0x200 CMakeFiles/rfid_node.dir/Users/marius/.pico-sdk/sdk/2.2.0/lib/lwip/src/core/tcp.c.o
                0x1000a98c                tcp_alloc
 .text.tcp_new_ip_type
                0x1000ab8c        0xc CMakeFiles/rfid_node.dir/Users/marius/.pico-sdk/sdk/2.2.0/lib/lwip/src/core/tcp.c.o
                0x1000ab8c                tcp_new_ip_type
 .text.tcp_close_shutdown
                0x1000ab98      0x188 CMakeFiles/rfid_node.dir/Users/marius/.pico-sdk/sdk/2.2.0/lib/lwip/src/core/tcp.c.o
 .text.tcp_recv_null
                0x1000ad20       0xcc CMakeFiles/rfid_node.dir/Users/marius/.pico-sdk/sdk/2.2.0/lib/lwip/src/core/tcp.c.o
                0x1000ad20                tcp_recv_null
 .text.tcp_process_refused_data
                0x1000adec       0x78 CMakeFiles/rfid_node.dir/Users/marius/.pico-sdk/sdk/2.2.0/lib/lwip/src/core/tcp.c.o
                0x1000adec                tcp_process_refused_data
 .text.tcp_fasttmr
                0x1000ae64       0x98 CMakeFiles/rfid_node.dir/Users/marius/.pico-sdk/sdk/2.2.0/lib/lwip/src/core/tcp.c.o
                0x1000ae64                tcp_fasttmr
 .text.tcp_tmr  0x1000aefc       0x20 CMakeFiles/rfid_node.dir/Users/marius/.pico-sdk/sdk/2.2.0/lib/lwip/src/core/tcp.c.o
                0x1000aefc                tcp_tmr
 .text.tcp_close
                0x1000af1c      0x170 CMakeFiles/rfid_node.dir/Users/marius/.pico-sdk/sdk/2.2.0/lib/lwip/src/core/tcp.c.o
                0x1000af1c                tcp_close
 .text.tcp_next_iss
                0x1000b08c       0x28 CMakeFiles/rfid_node.dir/Users/marius/.pico-sdk/sdk/2.2.0/lib/lwip/src/core/tcp.c.o
                0x1000b08c                tcp_next_iss
 .text.tcp_eff_send_mss_netif
                0x1000b0b4       0x34 CMakeFiles/rfid_node.dir/Users/marius/.pico-sdk/sdk/2.2.0/lib/lwip/src/core/tcp.c.o
                0x1000b0b4                tcp_eff_send_mss_netif
 .text.tcp_netif_ip_addr_changed
                0x1000b0e8       0x94 CMakeFiles/rfid_node.dir/Users/marius/.pico-sdk/sdk/2.2.0/lib/lwip/src/core/tcp.c.o
                0x1000b0e8                tcp_netif_ip_addr_changed
 .text.tcp_free_ooseq
                0x1000b17c       0x40 CMakeFiles/rfid_node.dir/Users/marius/.pico-sdk/sdk/2.2.0/lib/lwip/src/core/tcp.c.o
                0x1000b17c                tcp_free_ooseq
 .text.tcp_parseopt
                0x1000b1bc      0x1b0 CMakeFiles/rfid_node.dir/Users/marius/.pico-sdk/sdk/2.2.0/lib/lwip/src/core/tcp_in.c.o
 .text.tcp_oos_insert_segment
                0x1000b36c       0xcc CMakeFiles/rfid_node.dir/Users/marius/.pico-sdk/sdk/2.2.0/lib/lwip/src/core/tcp_in.c.o
 .text.tcp_free_acked_segments.isra.0
                0x1000b438       0xdc CMakeFiles/rfid_node.dir/Users/marius/.pico-sdk/sdk/2.2.0/lib/lwip/src/core/tcp_in.c.o
 .text.tcp_receive
                0x1000b514      0xa34 CMakeFiles/rfid_node.dir/Users/marius/.pico-sdk/sdk/2.2.0/lib/lwip/src/core/tcp_in.c.o
 .text.tcp_input
                0x1000bf48      0xe3c CMakeFiles/rfid_node.dir/Users/marius/.pico-sdk/sdk/2.2.0/lib/lwip/src/core/tcp_in.c.o
                0x1000bf48                tcp_input
 .text.tcp_trigger_input_pcb_close
                0x1000cd84       0x10 CMakeFiles/rfid_node.dir/Users/marius/.pico-sdk/sdk/2.2.0/lib/lwip/src/core/tcp_in.c.o
                0x1000cd84                tcp_trigger_input_pcb_close
 .text.tcp_create_segment
                0x1000cd94       0xe8 CMakeFiles/rfid_node.dir/Users/marius/.pico-sdk/sdk/2.2.0/lib/lwip/src/core/tcp_out.c.o
 .text.tcp_output_control_segment
                0x1000ce7c       0xb4 CMakeFiles/rfid_node.dir/Users/marius/.pico-sdk/sdk/2.2.0/lib/lwip/src/core/tcp_out.c.o
 .text.tcp_write
                0x1000cf30      0x914 CMakeFiles/rfid_node.dir/Users/marius/.pico-sdk/sdk/2.2.0/lib/lwip/src/core/tcp_out.c.o
                0x1000cf30                tcp_write
 .text.tcp_split_unsent_seg
                0x1000d844      0x1b4 CMakeFiles/rfid_node.dir/Users/marius/.pico-sdk/sdk/2.2.0/lib/lwip/src/core/tcp_out.c.o
                0x1000d844                tcp_split_unsent_seg
 .text.tcp_send_fin
                0x1000d9f8      0x118 CMakeFiles/rfid_node.dir/Users/marius/.pico-sdk/sdk/2.2.0/lib/lwip/src/core/tcp_out.c.o
                0x1000d9f8                tcp_send_fin
 .text.tcp_enqueue_flags
                0x1000db10      0x12c CMakeFiles/rfid_node.dir/Users/marius/.pico-sdk/sdk/2.2.0/lib/lwip/src/core/tcp_out.c.o
                0x1000db10                tcp_enqueue_flags
 .text.tcp_rexmit_rto_prepare
                0x1000dc3c       0x9c CMakeFiles/rfid_node.dir/Users/marius/.pico-sdk/sdk/2.2.0/lib/lwip/src/core/tcp_out.c.o
                0x1000dc3c                tcp_rexmit_rto_prepare
 .text.tcp_rexmit
                0x1000dcd8       0x9c CMakeFiles/rfid_node.dir/Users/marius/.pico-sdk/sdk/2.2.0/lib/lwip/src/core/tcp_out.c.o
                0x1000dcd8                tcp_rexmit
 .text.tcp_rexmit_fast
                0x1000dd74       0x64 CMakeFiles/rfid_node.dir/Users/marius/.pico-sdk/sdk/2.2.0/lib/lwip/src/core/tcp_out.c.o
                0x1000dd74                tcp_rexmit_fast
 .text.tcp_rst  0x1000ddd8       0xe8 CMakeFiles/rfid_node.dir/Users/marius/.pico-sdk/sdk/2.2.0/lib/lwip/src/core/tcp_out.c.o
                0x1000ddd8                tcp_rst
 .text.tcp_rst_netif
                0x1000dec0      0x130 CMakeFiles/rfid_node.dir/Users/marius/.pico-sdk/sdk/2.2.0/lib/lwip/src/core/tcp_out.c.o
                0x1000dec0                tcp_rst_netif
 .text.tcp_send_empty_ack
                0x1000dff0       0xf0 CMakeFiles/rfid_node.dir/Users/marius/.pico-sdk/sdk/2.2.0/lib/lwip/src/core/tcp_out.c.o
                0x1000dff0                tcp_send_empty_ack
 .text.tcp_output
                0x1000e0e0      0x44c CMakeFiles/rfid_node.dir/Users/marius/.pico-sdk/sdk/2.2.0/lib/lwip/src/core/tcp_out.c.o
                0x1000e0e0                tcp_output
 .text.tcp_rexmit_rto_commit
                0x1000e52c       0x24 CMakeFiles/rfid_node.dir/Users/marius/.pico-sdk/sdk/2.2.0/lib/lwip/src/core/tcp_out.c.o
                0x1000e52c                tcp_rexmit_rto_commit
 .text.tcp_rexmit_rto
                0x1000e550       0xa4 CMakeFiles/rfid_node.dir/Users/marius/.pico-sdk/sdk/2.2.0/lib/lwip/src/core/tcp_out.c.o
                0x1000e550                tcp_rexmit_rto
 .text.tcp_keepalive
                0x1000e5f4       0xdc CMakeFiles/rfid_node.dir/Users/marius/.pico-sdk/sdk/2.2.0/lib/lwip/src/core/tcp_out.c.o
                0x1000e5f4                tcp_keepalive
 .text.tcp_zero_window_probe
                0x1000e6d0      0x1a8 CMakeFiles/rfid_node.dir/Users/marius/.pico-sdk/sdk/2.2.0/lib/lwip/src/core/tcp_out.c.o
                0x1000e6d0                tcp_zero_window_probe
 .text.tcpip_tcp_timer
                0x1000e878       0x78 CMakeFiles/rfid_node.dir/Users/marius/.pico-sdk/sdk/2.2.0/lib/lwip/src/core/timeouts.c.o
 .text.lwip_cyclic_timer
                0x1000e8f0       0x98 CMakeFiles/rfid_node.dir/Users/marius/.pico-sdk/sdk/2.2.0/lib/lwip/src/core/timeouts.c.o
 .text.tcp_timer_needed
                0x1000e988       0x7c CMakeFiles/rfid_node.dir/Users/marius/.pico-sdk/sdk/2.2.0/lib/lwip/src/core/timeouts.c.o
                0x1000e988                tcp_timer_needed
 .text.sys_timeouts_init
                0x1000ea04       0x8c CMakeFiles/rfid_node.dir/Users/marius/.pico-sdk/sdk/2.2.0/lib/lwip/src/core/timeouts.c.o
                0x1000ea04                sys_timeouts_init
 .text.sys_check_timeouts
                0x1000ea90       0x68 CMakeFiles/rfid_node.dir/Users/marius/.pico-sdk/sdk/2.2.0/lib/lwip/src/core/timeouts.c.o
                0x1000ea90                sys_check_timeouts
 .text.sys_timeouts_sleeptime
                0x1000eaf8       0x28 CMakeFiles/rfid_node.dir/Users/marius/.pico-sdk/sdk/2.2.0/lib/lwip/src/core/timeouts.c.o
                0x1000eaf8                sys_timeouts_sleeptime
 .text.udp_init
                0x1000eb20       0x20 CMakeFiles/rfid_node.dir/Users/marius/.pico-sdk/sdk/2.2.0/lib/lwip/src/core/udp.c.o
                0x1000eb20                udp_init
 .text.udp_input
                0x1000eb40      0x350 CMakeFiles/rfid_node.dir/Users/marius/.pico-sdk/sdk/2.2.0/lib/lwip/src/core/udp.c.o
                0x1000eb40                udp_input
 .text.udp_bind
                0x1000ee90      0x10c CMakeFiles/rfid_node.dir/Users/marius/.pico-sdk/sdk/2.2.0/lib/lwip/src/core/udp.c.o
                0x1000ee90                udp_bind
 .text.udp_sendto_if_src
                0x1000ef9c      0x160 CMakeFiles/rfid_node.dir/Users/marius/.pico-sdk/sdk/2.2.0/lib/lwip/src/core/udp.c.o
                0x1000ef9c                udp_sendto_if_src
 .text.udp_sendto_if
                0x1000f0fc       0x48 CMakeFiles/rfid_node.dir/Users/marius/.pico-sdk/sdk/2.2.0/lib/lwip/src/core/udp.c.o
                0x1000f0fc                udp_sendto_if
 .text.udp_sendto
                0x1000f144       0xac CMakeFiles/rfid_node.dir/Users/marius/.pico-sdk/sdk/2.2.0/lib/lwip/src/core/udp.c.o
                0x1000f144                udp_sendto
 .text.udp_connect
                0x1000f1f0       0x5c CMakeFiles/rfid_node.dir/Users/marius/.pico-sdk/sdk/2.2.0/lib/lwip/src/core/udp.c.o
                0x1000f1f0                udp_connect
 .text.udp_recv
                0x1000f24c        0xc CMakeFiles/rfid_node.dir/Users/marius/.pico-sdk/sdk/2.2.0/lib/lwip/src/core/udp.c.o
                0x1000f24c                udp_recv
 .text.udp_remove
                0x1000f258       0x3c CMakeFiles/rfid_node.dir/Users/marius/.pico-sdk/sdk/2.2.0/lib/lwip/src/core/udp.c.o
                0x1000f258                udp_remove
 .text.udp_new  0x1000f294       0x20 CMakeFiles/rfid_node.dir/Users/marius/.pico-sdk/sdk/2.2.0/lib/lwip/src/core/udp.c.o
                0x1000f294                udp_new
 .text.udp_netif_ip_addr_changed
                0x1000f2b4       0x40 CMakeFiles/rfid_node.dir/Users/marius/.pico-sdk/sdk/2.2.0/lib/lwip/src/core/udp.c.o
                0x1000f2b4                udp_netif_ip_addr_changed
 .text.dhcp_create_msg
                0x1000f2f4      0x16c CMakeFiles/rfid_node.dir/Users/marius/.pico-sdk/sdk/2.2.0/lib/lwip/src/core/ipv4/dhcp.c.o
 .text.dhcp_bind
                0x1000f460      0x144 CMakeFiles/rfid_node.dir/Users/marius/.pico-sdk/sdk/2.2.0/lib/lwip/src/core/ipv4/dhcp.c.o
 .text.dhcp_inc_pcb_refcount
                0x1000f5a4       0x6c CMakeFiles/rfid_node.dir/Users/marius/.pico-sdk/sdk/2.2.0/lib/lwip/src/core/ipv4/dhcp.c.o
 .text.dhcp_handle_ack.isra.0
                0x1000f610       0xcc CMakeFiles/rfid_node.dir/Users/marius/.pico-sdk/sdk/2.2.0/lib/lwip/src/core/ipv4/dhcp.c.o
 .text.dhcp_discover.isra.0
                0x1000f6dc      0x138 CMakeFiles/rfid_node.dir/Users/marius/.pico-sdk/sdk/2.2.0/lib/lwip/src/core/ipv4/dhcp.c.o
 .text.dhcp_reboot.isra.0
                0x1000f814      0x174 CMakeFiles/rfid_node.dir/Users/marius/.pico-sdk/sdk/2.2.0/lib/lwip/src/core/ipv4/dhcp.c.o
 .text.dhcp_select.isra.0
                0x1000f988      0x1e0 CMakeFiles/rfid_node.dir/Users/marius/.pico-sdk/sdk/2.2.0/lib/lwip/src/core/ipv4/dhcp.c.o
 .text.dhcp_recv
                0x1000fb68      0x4c8 CMakeFiles/rfid_node.dir/Users/marius/.pico-sdk/sdk/2.2.0/lib/lwip/src/core/ipv4/dhcp.c.o
 .text.dhcp_conflict_callback
                0x10010030      0x128 CMakeFiles/rfid_node.dir/Users/marius/.pico-sdk/sdk/2.2.0/lib/lwip/src/core/ipv4/dhcp.c.o
 .text.dhcp_set_struct
                0x10010158       0x44 CMakeFiles/rfid_node.dir/Users/marius/.pico-sdk/sdk/2.2.0/lib/lwip/src/core/ipv4/dhcp.c.o
                0x10010158                dhcp_set_struct
 .text.dhcp_start
                0x1001019c       0xb8 CMakeFiles/rfid_node.dir/Users/marius/.pico-sdk/sdk/2.2.0/lib/lwip/src/core/ipv4/dhcp.c.o
                0x1001019c                dhcp_start
 .text.dhcp_network_changed_link_up
                0x10010254       0x40 CMakeFiles/rfid_node.dir/Users/marius/.pico-sdk/sdk/2.2.0/lib/lwip/src/core/ipv4/dhcp.c.o
                0x10010254                dhcp_network_changed_link_up
 .text.dhcp_renew
                0x10010294      0x134 CMakeFiles/rfid_node.dir/Users/marius/.pico-sdk/sdk/2.2.0/lib/lwip/src/core/ipv4/dhcp.c.o
                0x10010294                dhcp_renew
 .text.dhcp_release_and_stop
                0x100103c8      0x16c CMakeFiles/rfid_node.dir/Users/marius/.pico-sdk/sdk/2.2.0/lib/lwip/src/core/ipv4/dhcp.c.o
                0x100103c8                dhcp_release_and_stop
 .text.dhcp_coarse_tmr
                0x10010534      0x1d8 CMakeFiles/rfid_node.dir/Users/marius/.pico-sdk/sdk/2.2.0/lib/lwip/src/core/ipv4/dhcp.c.o
                0x10010534                dhcp_coarse_tmr
 .text.dhcp_fine_tmr
                0x1001070c       0x78 CMakeFiles/rfid_node.dir/Users/marius/.pico-sdk/sdk/2.2.0/lib/lwip/src/core/ipv4/dhcp.c.o
                0x1001070c                dhcp_fine_tmr
 .text.dhcp_stop
                0x10010784        0x8 CMakeFiles/rfid_node.dir/Users/marius/.pico-sdk/sdk/2.2.0/lib/lwip/src/core/ipv4/dhcp.c.o
                0x10010784                dhcp_stop
 .text.etharp_find_entry
                0x1001078c      0x3a0 CMakeFiles/rfid_node.dir/Users/marius/.pico-sdk/sdk/2.2.0/lib/lwip/src/core/ipv4/etharp.c.o
 .text.etharp_raw
                0x10010b2c       0xec CMakeFiles/rfid_node.dir/Users/marius/.pico-sdk/sdk/2.2.0/lib/lwip/src/core/ipv4/etharp.c.o
 .text.etharp_output_to_arp_index
                0x10010c18       0xd0 CMakeFiles/rfid_node.dir/Users/marius/.pico-sdk/sdk/2.2.0/lib/lwip/src/core/ipv4/etharp.c.o
 .text.etharp_tmr
                0x10010ce8       0x94 CMakeFiles/rfid_node.dir/Users/marius/.pico-sdk/sdk/2.2.0/lib/lwip/src/core/ipv4/etharp.c.o
                0x10010ce8                etharp_tmr
 .text.etharp_cleanup_netif
                0x10010d7c      0x188 CMakeFiles/rfid_node.dir/Users/marius/.pico-sdk/sdk/2.2.0/lib/lwip/src/core/ipv4/etharp.c.o
                0x10010d7c                etharp_cleanup_netif
 .text.etharp_input
                0x10010f04      0x1c0 CMakeFiles/rfid_node.dir/Users/marius/.pico-sdk/sdk/2.2.0/lib/lwip/src/core/ipv4/etharp.c.o
                0x10010f04                etharp_input
 .text.etharp_query
                0x100110c4      0x190 CMakeFiles/rfid_node.dir/Users/marius/.pico-sdk/sdk/2.2.0/lib/lwip/src/core/ipv4/etharp.c.o
                0x100110c4                etharp_query
 .text.etharp_output
                0x10011254      0x24c CMakeFiles/rfid_node.dir/Users/marius/.pico-sdk/sdk/2.2.0/lib/lwip/src/core/ipv4/etharp.c.o
                0x10011254                etharp_output
 .text.etharp_acd_probe
                0x100114a0       0x30 CMakeFiles/rfid_node.dir/Users/marius/.pico-sdk/sdk/2.2.0/lib/lwip/src/core/ipv4/etharp.c.o
                0x100114a0                etharp_acd_probe
 .text.etharp_acd_announce
                0x100114d0       0x2c CMakeFiles/rfid_node.dir/Users/marius/.pico-sdk/sdk/2.2.0/lib/lwip/src/core/ipv4/etharp.c.o
                0x100114d0                etharp_acd_announce
 .text.icmp_input
                0x100114fc      0x1f0 CMakeFiles/rfid_node.dir/Users/marius/.pico-sdk/sdk/2.2.0/lib/lwip/src/core/ipv4/icmp.c.o
                0x100114fc                icmp_input
 .text.icmp_dest_unreach
                0x100116ec       0xcc CMakeFiles/rfid_node.dir/Users/marius/.pico-sdk/sdk/2.2.0/lib/lwip/src/core/ipv4/icmp.c.o
                0x100116ec                icmp_dest_unreach
 .text.icmp_time_exceeded